========= COMPUTE-SANITIZER
Loaded problem from /n/home00/yukuanwei/cuadmm-data/plato_kocvara/txt/shmup4/
              vector length: 2827361
      number of constraints: 800
           number of blocks: 3
  number of non-zeros in At: 51880
  number of non-zeros in  b: 800
  number of non-zeros in  C: 803

 factorization of AA^T + 1e-15 I: simplicial LDL^T, nnz(L) = 1.364e+04, 0.1 s
   pivots in [6.77e-01, 1.00e+00], 0 tiny (< 1e-12 max) and 0 nonpositive
   y-step solves: CHOLMOD on the CPU

Analysis of the blk vector:
        1 l. block of size 1600
        1 matrices of size 1680 (large)
        1 matrices of size 1681 (large)

 ||C|| = 1415.22, ||b|| = 29.2843
 DIMACS block kinds from dimacs_blocks.txt (3 blocks)

 Algorithm: plain ADMM
 Build: plain ADMM only (CUADMM_PLAIN_ADMM_ONLY): sGS-ADMM and the sGS -> ADMM hybrid are disabled; one y linear solve per iteration
 Sigma policy: fixed, initial sigma 1 (kept for every iteration)
 Maximum iterations: 120, internal KKT tolerance: 0.0001
 External validation: every 60 iterations and at each crossing of the internal tolerance; stop only when eta_p <= 0.0001, eta_d <= 0.0001, eta_g <= 0.0001, X cone <= 0.0001, dual cone <= 0.0001 (recomputed on the CPU, all finite)

Problem parameters:
              solver max iter: 120
       KKT stopping tolerance: 0.0001
       sigma update threshold: 500
         sigma update stage 1: 50
         sigma update stage 2: 100
                  switch admm: 0
                    algorithm: plain ADMM
         switch proj max iter: 0
              switch proj tol: 0.01
                     sigscale: 2
                 sigma policy: fixed
                initial sigma: 1
    initial projection method: EIG_FP64
      final projection method: EIG_FP64
                   use LOBPCG: true
              LOBPCG max iter: 20
             LOBPCG tolerance: 1e-05
             LOBPCG warmstart: true
                 LOBPCG ratio: 0.03
            LOBPCG relaxation: 1.2
        LOBPCG rank threshold: max(1e-08 * max|lambda|, 0.001 * stop_tol)
           small matrix limit: 32
          medium matrix limit: 1000

 ------------------------------------------------------------------------------
                                   cuADMM
 ------------------------------------------------------------------------------
  it. | p infeas d infeas | primal obj.   dual obj. rel. gap |  time |   sigma 
 ------------------------------------------------------------------------------
 --------------- Starting with projection method EIG_FP64 ---------------------
    0 | 9.66e-01 9.99e-01 |  0.0000e+00  0.0000e+00 0.00e+00 |   0.4 | 1.0e+00 
 ------------------ Number of low rank matrices =   2 /   2 ------------------
 Ranks (matrix 0):   +16  -1664
 Ranks (matrix 1):   +17  -1664
   50 | 7.64e-09 1.26e-03 | -1.1710e+00 -2.9185e-02 5.19e-01 |  10.0 | 1.0e+00 
 [validation] it      60 interval          | ext KKT 5.64e-01 (p 2.7e-09 d 1.3e-03 g 5.6e-01) | X cone 7.6e-11 | dual cone 1.3e-03 | sigma 1.000e+00 | failed: dual,gap,dual_cone (944 ms)
  100 | 5.42e-10 1.26e-03 | -2.3101e+00 -2.9201e-02 6.83e-01 |  14.0 | 1.0e+00 
 ------------------ Number of low rank matrices =   1 /   2 ------------------
 Ranks (matrix 0):   +0  -1680
 Ranks (matrix 1):   +1  -1680
 [validation] it     120 max_iter          | ext KKT 7.21e-01 (p 2.4e-09 d 1.3e-03 g 7.2e-01) | X cone 9.2e-14 | dual cone 1.3e-03 | sigma 1.000e+00 | failed: dual,gap,dual_cone (852 ms)
  120 | 2.38e-09 1.26e-03 | -2.7658e+00 -2.9203e-02 7.21e-01 |  31.3 | 1.0e+00 
 Returning the best externally evaluated iterate: iteration 60, merit 5.6e-01 (final iterate: 7.2e-01)
 ------------------------------------------------------------------------------

Solver ended: maximum iteration reached (safety cap, not validated)

 primal infeasibility = 2.7e-09 
 dual   infeasibility = 1.3e-03 
 relative gap         = 5.6e-01
 PSD violation X      = 9.1e-12 
 PSD violation S      = 6.2e-19
 certificate: <b,y> + R * -1.805628e+00 is a lower bound on the optimal value if every block of an
              optimal X has trace (or entries) bounded by R, see certified_lower_bound()

 LOBPCG calls = 216, certificate fallbacks to cuSOLVER = 2

 primal objective = -1.39885693e+00 
 dual   objective = -2.91923583e-02

 algorithm: plain ADMM, plain ADMM iterations = 120
 sigma policy: fixed, initial sigma 1.000000e+00, final sigma 1.000000e+00, 0 change(s)
 phases: sGS-ADMM 0 iterations (0.000 s, validation 0.000 s) | plain ADMM 120 iterations (30.891 s, validation 1.796 s)
 switch: switch_admm = 0, first plain-ADMM iteration 1
 stop reason: max_iter
 external validations: 2 (1.80 s); first validated iteration: -1; returned the best externally evaluated iterate
 best external iterate: iteration 60, KKT 5.64e-01, X cone 7.63e-11, dual cone 1.26e-03, merit 5.64e-01

 time per iteration = 0.2574s 
 total time         = 31.3s (init 0.4s, iterations 30.9s)
 -------------------------------------------------------------------------------

========= LEAK SUMMARY: 0 bytes leaked in 0 allocations
========= ERROR SUMMARY: 0 errors
