========= COMPUTE-SANITIZER
Loaded problem from /n/home00/yukuanwei/cuadmm-data/plato_kocvara/txt/trto5/
              vector length: 1554721
      number of constraints: 3280
           number of blocks: 2
  number of non-zeros in At: 24158
  number of non-zeros in  b: 3280
  number of non-zeros in  C: 2

 factorization of AA^T + 1e-15 I: supernodal LL^T -> simplicial LDL^T, nnz(L) = 5.202e+05, 0.0 s
   pivots in [5.00e-01, 1.00e+00], 0 tiny (< 1e-12 max) and 0 nonpositive
   y-step solves: CHOLMOD on the CPU

Analysis of the blk vector:
        1 l. block of size 3280
        1 matrices of size 1761 (large)

 ||C|| = 2.5, ||b|| = 58.2713
 DIMACS block kinds from dimacs_blocks.txt (2 blocks)

 Algorithm: plain ADMM
 Build: plain ADMM only (CUADMM_PLAIN_ADMM_ONLY): sGS-ADMM and the sGS -> ADMM hybrid are disabled; one y linear solve per iteration
 Sigma policy: fixed, initial sigma 1 (kept for every iteration)
 Maximum iterations: 250, internal KKT tolerance: 0.0001
 External validation: every 125 iterations and at each crossing of the internal tolerance; stop only when eta_p <= 0.0001, eta_d <= 0.0001, eta_g <= 0.0001, X cone <= 0.0001, dual cone <= 0.0001 (recomputed on the CPU, all finite)

Problem parameters:
              solver max iter: 250
       KKT stopping tolerance: 0.0001
       sigma update threshold: 500
         sigma update stage 1: 50
         sigma update stage 2: 100
                  switch admm: 0
                    algorithm: plain ADMM
         switch proj max iter: 0
              switch proj tol: 0.01
                     sigscale: 2
                 sigma policy: fixed
                initial sigma: 1
    initial projection method: EIG_FP64
      final projection method: EIG_FP64
                   use LOBPCG: true
              LOBPCG max iter: 20
             LOBPCG tolerance: 1e-05
             LOBPCG warmstart: true
                 LOBPCG ratio: 0.03
            LOBPCG relaxation: 1.2
        LOBPCG rank threshold: max(1e-08 * max|lambda|, 0.001 * stop_tol)
           small matrix limit: 32
          medium matrix limit: 1000

 ------------------------------------------------------------------------------
                                   cuADMM
 ------------------------------------------------------------------------------
  it. | p infeas d infeas | primal obj.   dual obj. rel. gap |  time |   sigma 
 ------------------------------------------------------------------------------
 --------------- Starting with projection method EIG_FP64 ---------------------
    0 | 9.83e-01 6.00e-01 |  0.0000e+00  0.0000e+00 0.00e+00 |   0.1 | 1.0e+00 
 ------------------ Number of low rank matrices =   0 /   1 ------------------
 Ranks (matrix 0):   +492  -1269
   50 | 4.34e-01 6.94e-02 | -2.9861e+00 -3.5179e-01 6.07e-01 |  15.8 | 1.0e+00 
  100 | 2.79e-01 5.04e-02 | -3.2323e+00 -6.4194e-01 5.31e-01 |  31.2 | 1.0e+00 
 ------------------ Number of low rank matrices =   0 /   1 ------------------
 Ranks (matrix 0):   +98  -1663
 [validation] it     125 interval          | ext KKT 5.04e-01 (p 2.2e-01 d 4.7e-02 g 5.0e-01) | X cone 2.3e-05 | dual cone 3.7e-02 | sigma 1.000e+00 | failed: primal,dual,gap,dual_cone (521 ms)
  150 | 1.83e-01 4.25e-02 | -3.3367e+00 -8.3845e-01 4.83e-01 |  47.2 | 1.0e+00 
  200 | 1.30e-01 3.74e-02 | -3.4578e+00 -9.7331e-01 4.57e-01 |  62.5 | 1.0e+00 
 ------------------ Number of low rank matrices =   0 /   1 ------------------
 Ranks (matrix 0):   +122  -1638
 [validation] it     250 max_iter          | ext KKT 4.50e-01 (p 9.9e-02 d 3.4e-02 g 4.5e-01) | X cone 5.7e-07 | dual cone 3.1e-02 | sigma 1.000e+00 | failed: primal,dual,gap,dual_cone (525 ms)
  250 | 9.87e-02 3.43e-02 | -3.6165e+00 -1.0609e+00 4.50e-01 |  78.5 | 1.0e+00 
 ------------------------------------------------------------------------------

Solver ended: maximum iteration reached (safety cap, not validated)

 primal infeasibility = 9.9e-02 
 dual   infeasibility = 3.4e-02 
 relative gap         = 4.5e-01
 PSD violation X      = 1.5e-07 
 PSD violation S      = 1.2e-15
 certificate: <b,y> + R * -8.872188e-02 is a lower bound on the optimal value if every block of an
              optimal X has trace (or entries) bounded by R, see certified_lower_bound()

 LOBPCG calls = 0, certificate fallbacks to cuSOLVER = 0

 primal objective = -3.61648399e+00 
 dual   objective = -1.06085200e+00

 algorithm: plain ADMM, plain ADMM iterations = 250
 sigma policy: fixed, initial sigma 1.000000e+00, final sigma 1.000000e+00, 0 change(s)
 phases: sGS-ADMM 0 iterations (0.000 s, validation 0.000 s) | plain ADMM 250 iterations (78.320 s, validation 1.046 s)
 switch: switch_admm = 0, first plain-ADMM iteration 1
 stop reason: max_iter
 external validations: 2 (1.05 s); first validated iteration: -1; returned the final iterate
 best external iterate: iteration 250, KKT 4.50e-01, X cone 5.68e-07, dual cone 3.07e-02, merit 4.50e-01

 time per iteration = 0.3133s 
 total time         = 78.5s (init 0.1s, iterations 78.3s)
 -------------------------------------------------------------------------------

========= ERROR SUMMARY: 0 errors
