-- The CXX compiler identification is GNU 12.2.0
-- The CUDA compiler identification is NVIDIA 12.9.86 with host compiler GNU 12.2.0
-- Detecting CXX compiler ABI info
-- Detecting CXX compiler ABI info - done
-- Check for working CXX compiler: /n/sw/helmod-rocky8/apps/Core/gcc/12.2.0-fasrc01/bin/g++ - skipped
-- Detecting CXX compile features
-- Detecting CXX compile features - done
-- Detecting CUDA compiler ABI info
-- Detecting CUDA compiler ABI info - done
-- Check for working CUDA compiler: /n/sw/helmod-rocky8/apps/Core/cuda/12.9.1-fasrc01/cuda/bin/nvcc - skipped
-- Detecting CUDA compile features
-- Detecting CUDA compile features - done
CMake Warning (dev) at /n/sw/helmod-rocky8/apps/Core/cmake/3.31.6-fasrc01/share/cmake-3.31/Modules/FetchContent.cmake:1373 (message):
  The DOWNLOAD_EXTRACT_TIMESTAMP option was not given and policy CMP0135 is
  not set.  The policy's OLD behavior will be used.  When using a URL
  download, the timestamps of extracted files should preferably be that of
  the time of extraction, otherwise code that depends on the extracted
  contents might not be rebuilt if the URL changes.  The OLD behavior
  preserves the timestamps from the archive instead, but this is usually not
  what you want.  Update your project to the NEW behavior or specify the
  DOWNLOAD_EXTRACT_TIMESTAMP option with a value of true to avoid this
  robustness issue.
Call Stack (most recent call first):
  CMakeLists.txt:22 (FetchContent_Declare)
This warning is for project developers.  Use -Wno-dev to suppress it.

CMake Deprecation Warning at /n/home00/yukuanwei/cuADMM/build/_deps/googletest-src/CMakeLists.txt:4 (cmake_minimum_required):
  Compatibility with CMake < 3.10 will be removed from a future version of
  CMake.

  Update the VERSION argument <min> value.  Or, use the <min>...<max> syntax
  to tell CMake that the project requires at least <min> but has been updated
  to work with policies introduced by <max> or earlier.


-- The C compiler identification is GNU 8.5.0
-- Detecting C compiler ABI info
-- Detecting C compiler ABI info - done
-- Check for working C compiler: /usr/bin/gcc - skipped
-- Detecting C compile features
-- Detecting C compile features - done
CMake Deprecation Warning at /n/home00/yukuanwei/cuADMM/build/_deps/googletest-src/googlemock/CMakeLists.txt:39 (cmake_minimum_required):
  Compatibility with CMake < 3.10 will be removed from a future version of
  CMake.

  Update the VERSION argument <min> value.  Or, use the <min>...<max> syntax
  to tell CMake that the project requires at least <min> but has been updated
  to work with policies introduced by <max> or earlier.


CMake Deprecation Warning at /n/home00/yukuanwei/cuADMM/build/_deps/googletest-src/googletest/CMakeLists.txt:49 (cmake_minimum_required):
  Compatibility with CMake < 3.10 will be removed from a future version of
  CMake.

  Update the VERSION argument <min> value.  Or, use the <min>...<max> syntax
  to tell CMake that the project requires at least <min> but has been updated
  to work with policies introduced by <max> or earlier.


-- Found Python: /usr/bin/python3.12 (found version "3.12.14") found components: Interpreter
-- Performing Test CMAKE_HAVE_LIBC_PTHREAD
-- Performing Test CMAKE_HAVE_LIBC_PTHREAD - Failed
-- Looking for pthread_create in pthreads
-- Looking for pthread_create in pthreads - not found
-- Looking for pthread_create in pthread
-- Looking for pthread_create in pthread - found
-- Found Threads: TRUE
-- Found CUDAToolkit: /n/sw/helmod-rocky8/apps/Core/cuda/12.9.1-fasrc01/cuda/targets/x86_64-linux/include (found version "12.9.86")
-- Found BLAS: /n/home00/yukuanwei/cuadmm-env/lib/libblas.so
CMake Warning (dev) at /n/sw/helmod-rocky8/apps/Core/cmake/3.31.6-fasrc01/share/cmake-3.31/Modules/FetchContent.cmake:1373 (message):
  The DOWNLOAD_EXTRACT_TIMESTAMP option was not given and policy CMP0135 is
  not set.  The policy's OLD behavior will be used.  When using a URL
  download, the timestamps of extracted files should preferably be that of
  the time of extraction, otherwise code that depends on the extracted
  contents might not be rebuilt if the URL changes.  The OLD behavior
  preserves the timestamps from the archive instead, but this is usually not
  what you want.  Update your project to the NEW behavior or specify the
  DOWNLOAD_EXTRACT_TIMESTAMP option with a value of true to avoid this
  robustness issue.
Call Stack (most recent call first):
  psd_projection/CMakeLists.txt:14 (FetchContent_Declare)
This warning is for project developers.  Use -Wno-dev to suppress it.

-- Configuring done (12.3s)
-- Generating done (3.0s)
-- Build files have been written to: /n/home00/yukuanwei/cuadmm-builds/plato_official
