2026-09-29 19:27:07 used 0.10 H200-h; projected additional 0.00; total 0.10 of 48; CPU 24.0 core-h
  GPU job 49325698: 0.10 h x 1 H200 = 0.10 H200-h (RUNNING)
  CPU job 49308174: 1.21 h x 8 cores = 9.6 core-h (RUNNING)
  CPU job 49301716: 0.90 h x 16 cores = 14.4 core-h (RUNNING)
2026-09-30 13:48:21 used 16.00 H200-h; projected additional 0.00; total 16.00 of 48; CPU 237.8 core-h
  GPU job 49325698: 16.00 h x 1 H200 = 16.00 H200-h (TIMEOUT)
  CPU job 49308174: 5.83 h x 8 cores = 46.7 core-h (COMPLETED)
  CPU job 49301716: 11.95 h x 16 cores = 191.1 core-h (COMPLETED)
2026-09-30 13:49:29 used 16.00 H200-h; projected additional 0.00; total 16.00 of 48; CPU 237.8 core-h
  GPU job 49325698: 16.00 h x 1 H200 = 16.00 H200-h (TIMEOUT)
  CPU job 49308174: 5.83 h x 8 cores = 46.7 core-h (COMPLETED)
  CPU job 49301716: 11.95 h x 16 cores = 191.1 core-h (COMPLETED)
2026-09-30 14:39:55 used 17.13 H200-h; projected additional 0.00; total 17.13 of 48; CPU 237.9 core-h
  GPU job 49325698: 16.00 h x 1 H200 = 16.00 H200-h (TIMEOUT)
  GPU job 49451471: 0.63 h x 1 H200 = 0.63 H200-h (COMPLETED)
  GPU job 49453464: 0.31 h x 1 H200 = 0.31 H200-h (COMPLETED)
  GPU job 49457768: 0.19 h x 1 H200 = 0.19 H200-h (RUNNING)
  CPU job 49308174: 5.83 h x 8 cores = 46.7 core-h (COMPLETED)
  CPU job 49301716: 11.95 h x 16 cores = 191.1 core-h (COMPLETED)
  CPU job 49451475: 0.01 h x 8 cores = 0.0 core-h (RUNNING)
  CPU job 49457770: 0.00 h x 0 cores = 0.0 core-h (PENDING)
2026-09-30 16:19:04 used 18.75 H200-h; projected additional 0.00; total 18.75 of 48; CPU 238.4 core-h
  GPU job 49325698: 16.00 h x 1 H200 = 16.00 H200-h (TIMEOUT)
  GPU job 49451471: 0.63 h x 1 H200 = 0.63 H200-h (COMPLETED)
  GPU job 49453464: 0.31 h x 1 H200 = 0.31 H200-h (COMPLETED)
  GPU job 49457768: 1.76 h x 1 H200 = 1.76 H200-h (COMPLETED)
  GPU job 49475917: 0.04 h x 1 H200 = 0.04 H200-h (RUNNING)
  CPU job 49308174: 5.83 h x 8 cores = 46.7 core-h (COMPLETED)
  CPU job 49301716: 11.95 h x 16 cores = 191.1 core-h (COMPLETED)
  CPU job 49451475: 0.01 h x 8 cores = 0.0 core-h (COMPLETED)
  CPU job 49457770: 0.06 h x 8 cores = 0.5 core-h (RUNNING)
2026-09-30 16:31:06 used 18.88 H200-h; projected additional 0.00; total 18.88 of 48; CPU 238.4 core-h
  GPU job 49325698: 16.00 h x 1 H200 = 16.00 H200-h (TIMEOUT)
  GPU job 49451471: 0.63 h x 1 H200 = 0.63 H200-h (COMPLETED)
  GPU job 49453464: 0.31 h x 1 H200 = 0.31 H200-h (COMPLETED)
  GPU job 49457768: 1.76 h x 1 H200 = 1.76 H200-h (COMPLETED)
  GPU job 49475917: 0.15 h x 1 H200 = 0.15 H200-h (COMPLETED)
  GPU job 49476960: 0.03 h x 1 H200 = 0.03 H200-h (COMPLETED)
  CPU job 49308174: 5.83 h x 8 cores = 46.7 core-h (COMPLETED)
  CPU job 49301716: 11.95 h x 16 cores = 191.1 core-h (COMPLETED)
  CPU job 49451475: 0.01 h x 8 cores = 0.0 core-h (COMPLETED)
  CPU job 49457770: 0.06 h x 8 cores = 0.5 core-h (COMPLETED)
2026-09-30 17:34:23 used 18.88 H200-h; projected additional 0.00; total 18.88 of 48; CPU 238.4 core-h
  GPU job 49325698: 16.00 h x 1 H200 = 16.00 H200-h (TIMEOUT)
  GPU job 49451471: 0.63 h x 1 H200 = 0.63 H200-h (COMPLETED)
  GPU job 49453464: 0.31 h x 1 H200 = 0.31 H200-h (COMPLETED)
  GPU job 49457768: 1.76 h x 1 H200 = 1.76 H200-h (COMPLETED)
  GPU job 49475917: 0.15 h x 1 H200 = 0.15 H200-h (COMPLETED)
  GPU job 49476960: 0.03 h x 1 H200 = 0.03 H200-h (COMPLETED)
  CPU job 49308174: 5.83 h x 8 cores = 46.7 core-h (COMPLETED)
  CPU job 49301716: 11.95 h x 16 cores = 191.1 core-h (COMPLETED)
  CPU job 49451475: 0.01 h x 8 cores = 0.0 core-h (COMPLETED)
  CPU job 49457770: 0.06 h x 8 cores = 0.5 core-h (COMPLETED)
2026-10-01 05:22:13 used 41.51 H200-h; projected additional 0.00; total 41.51 of 48; CPU 239.3 core-h
  GPU job 49325698: 16.00 h x 1 H200 = 16.00 H200-h (TIMEOUT)
  GPU job 49451471: 0.63 h x 1 H200 = 0.63 H200-h (COMPLETED)
  GPU job 49453464: 0.31 h x 1 H200 = 0.31 H200-h (COMPLETED)
  GPU job 49457768: 1.76 h x 1 H200 = 1.76 H200-h (COMPLETED)
  GPU job 49475917: 0.15 h x 1 H200 = 0.15 H200-h (COMPLETED)
  GPU job 49476960: 0.03 h x 1 H200 = 0.03 H200-h (COMPLETED)
  GPU job 49484148: 11.52 h x 1 H200 = 11.52 H200-h (COMPLETED)
  GPU job 49484152: 11.11 h x 1 H200 = 11.11 H200-h (COMPLETED)
  CPU job 49308174: 5.83 h x 8 cores = 46.7 core-h (COMPLETED)
  CPU job 49301716: 11.95 h x 16 cores = 191.1 core-h (COMPLETED)
  CPU job 49451475: 0.01 h x 8 cores = 0.0 core-h (COMPLETED)
  CPU job 49457770: 0.06 h x 8 cores = 0.5 core-h (COMPLETED)
  CPU job 49484153: 0.09 h x 8 cores = 0.7 core-h (RUNNING)
  CPU job 49528429: 0.01 h x 8 cores = 0.1 core-h (COMPLETED)
  CPU job 49565621: 0.01 h x 8 cores = 0.1 core-h (COMPLETED)
2026-10-01 05:37:17 used 41.51 H200-h; projected additional 0.00; total 41.51 of 48; CPU 239.6 core-h
  GPU job 49325698: 16.00 h x 1 H200 = 16.00 H200-h (TIMEOUT)
  GPU job 49451471: 0.63 h x 1 H200 = 0.63 H200-h (COMPLETED)
  GPU job 49453464: 0.31 h x 1 H200 = 0.31 H200-h (COMPLETED)
  GPU job 49457768: 1.76 h x 1 H200 = 1.76 H200-h (COMPLETED)
  GPU job 49475917: 0.15 h x 1 H200 = 0.15 H200-h (COMPLETED)
  GPU job 49476960: 0.03 h x 1 H200 = 0.03 H200-h (COMPLETED)
  GPU job 49484148: 11.52 h x 1 H200 = 11.52 H200-h (COMPLETED)
  GPU job 49484152: 11.11 h x 1 H200 = 11.11 H200-h (COMPLETED)
  CPU job 49308174: 5.83 h x 8 cores = 46.7 core-h (COMPLETED)
  CPU job 49301716: 11.95 h x 16 cores = 191.1 core-h (COMPLETED)
  CPU job 49451475: 0.01 h x 8 cores = 0.0 core-h (COMPLETED)
  CPU job 49457770: 0.06 h x 8 cores = 0.5 core-h (COMPLETED)
  CPU job 49484153: 0.09 h x 8 cores = 0.7 core-h (COMPLETED)
  CPU job 49528429: 0.01 h x 8 cores = 0.1 core-h (COMPLETED)
  CPU job 49565621: 0.01 h x 8 cores = 0.1 core-h (COMPLETED)
  CPU job 49579281: 0.04 h x 4 cores = 0.2 core-h (COMPLETED)
  CPU job 49579681: 0.07 h x 2 cores = 0.1 core-h (COMPLETED)
