2026-09-30 14:27:40 plan plans/stage1.json: 52 runs; exe /n/home00/yukuanwei/cuadmm-builds/plato_official/cuadmm_exe; host holygpu8a12401.rc.fas.harvard.edu; GPU 0, NVIDIA H200, GPU-e034fb33-ed7f-c3c2-4917-b662d06130d6, 0 MiB, 143771 MiB, 29, 345 MHz
2026-09-30 14:27:40 stop file /n/home00/yukuanwei/cuadmm-worktrees/plato-cold/experiments/2026-09-29_plato_cold_plain_admm_sigma/STOP present: stopping before stage1_trto1_adaptive_r1
2026-09-30 14:28:47 plan plans/stage1.json: 52 runs; exe /n/home00/yukuanwei/cuadmm-builds/plato_official/cuadmm_exe; host holygpu8a12501.rc.fas.harvard.edu; GPU 0, NVIDIA H200, GPU-5c391794-9c6f-4fa7-f4bb-58fa85595795, 0 MiB, 143771 MiB, 28, 345 MHz
2026-09-30 14:28:47 start stage1_trto1_adaptive_r1 (trto1, adaptive, sigma 1, limit 120 s, validate every 100)
2026-09-30 14:30:52 end   stage1_trto1_adaptive_r1: completed, exit 0, wall 122.9 s, stop time_limit, iterations 328724
2026-09-30 14:30:52 start stage1_trto1_fixed_r1 (trto1, fixed, sigma 1, limit 120 s, validate every 100)
2026-09-30 14:31:17 end   stage1_trto1_fixed_r1: completed, exit 0, wall 24.9 s, stop strict_validated, iterations 60200
2026-09-30 14:31:17 start stage1_buck1_fixed_r1 (buck1, fixed, sigma 1, limit 120 s, validate every 100)
2026-09-30 14:32:29 end   stage1_buck1_fixed_r1: completed, exit 0, wall 70.4 s, stop strict_validated, iterations 119900
2026-09-30 14:32:29 start stage1_buck1_adaptive_r1 (buck1, adaptive, sigma 1, limit 120 s, validate every 100)
2026-09-30 14:34:33 end   stage1_buck1_adaptive_r1: completed, exit 0, wall 122.3 s, stop time_limit, iterations 230306
2026-09-30 14:34:33 start stage1_vibra1_adaptive_r1 (vibra1, adaptive, sigma 1, limit 120 s, validate every 100)
2026-09-30 14:35:14 end   stage1_vibra1_adaptive_r1: completed, exit 0, wall 41.1 s, stop strict_validated, iterations 68700
2026-09-30 14:35:14 start stage1_vibra1_fixed_r1 (vibra1, fixed, sigma 1, limit 120 s, validate every 100)
2026-09-30 14:37:18 end   stage1_vibra1_fixed_r1: completed, exit 0, wall 122.2 s, stop time_limit, iterations 210060
2026-09-30 14:37:18 start stage1_mater-1_fixed_r1 (mater-1, fixed, sigma 1, limit 120 s, validate every 100)
2026-09-30 14:39:23 end   stage1_mater-1_fixed_r1: completed, exit 0, wall 123.2 s, stop time_limit, iterations 388158
2026-09-30 14:39:23 start stage1_mater-1_adaptive_r1 (mater-1, adaptive, sigma 1, limit 120 s, validate every 100)
2026-09-30 14:39:57 end   stage1_mater-1_adaptive_r1: completed, exit 0, wall 33.9 s, stop strict_validated, iterations 99900
2026-09-30 14:39:57 start stage1_shmup1_adaptive_r1 (shmup1, adaptive, sigma 1, limit 120 s, validate every 100)
2026-09-30 14:42:00 end   stage1_shmup1_adaptive_r1: completed, exit 0, wall 121.8 s, stop time_limit, iterations 121742
2026-09-30 14:42:00 start stage1_shmup1_fixed_r1 (shmup1, fixed, sigma 1, limit 120 s, validate every 100)
2026-09-30 14:44:03 end   stage1_shmup1_fixed_r1: completed, exit 0, wall 122.0 s, stop time_limit, iterations 121153
2026-09-30 14:44:03 start stage1_trto2_fixed_r1 (trto2, fixed, sigma 1, limit 120 s, validate every 100)
2026-09-30 14:46:05 end   stage1_trto2_fixed_r1: completed, exit 0, wall 121.8 s, stop time_limit, iterations 81319
2026-09-30 14:46:06 start stage1_trto2_adaptive_r1 (trto2, adaptive, sigma 1, limit 120 s, validate every 100)
2026-09-30 14:48:08 end   stage1_trto2_adaptive_r1: completed, exit 0, wall 121.7 s, stop time_limit, iterations 81071
2026-09-30 14:48:08 start stage1_mater-2_adaptive_r1 (mater-2, adaptive, sigma 1, limit 120 s, validate every 100)
2026-09-30 14:48:26 end   stage1_mater-2_adaptive_r1: completed, exit 0, wall 18.1 s, stop strict_validated, iterations 48400
2026-09-30 14:48:26 start stage1_mater-2_fixed_r1 (mater-2, fixed, sigma 1, limit 120 s, validate every 100)
2026-09-30 14:50:31 end   stage1_mater-2_fixed_r1: completed, exit 0, wall 122.7 s, stop time_limit, iterations 353837
2026-09-30 14:50:31 start stage1_buck2_fixed_r1 (buck2, fixed, sigma 1, limit 120 s, validate every 100)
2026-09-30 14:52:34 end   stage1_buck2_fixed_r1: completed, exit 0, wall 121.9 s, stop time_limit, iterations 61005
2026-09-30 14:52:34 start stage1_buck2_adaptive_r1 (buck2, adaptive, sigma 1, limit 120 s, validate every 100)
2026-09-30 14:54:36 end   stage1_buck2_adaptive_r1: completed, exit 0, wall 121.6 s, stop time_limit, iterations 59765
2026-09-30 14:54:36 start stage1_vibra2_adaptive_r1 (vibra2, adaptive, sigma 1, limit 120 s, validate every 100)
2026-09-30 14:56:38 end   stage1_vibra2_adaptive_r1: completed, exit 0, wall 121.7 s, stop time_limit, iterations 59862
2026-09-30 14:56:38 start stage1_vibra2_fixed_r1 (vibra2, fixed, sigma 1, limit 120 s, validate every 100)
2026-09-30 14:58:41 end   stage1_vibra2_fixed_r1: completed, exit 0, wall 121.6 s, stop time_limit, iterations 61149
2026-09-30 14:58:41 start stage1_mater-3_fixed_r1 (mater-3, fixed, sigma 1, limit 120 s, validate every 100)
2026-09-30 15:00:45 end   stage1_mater-3_fixed_r1: completed, exit 0, wall 122.8 s, stop time_limit, iterations 270599
2026-09-30 15:00:45 start stage1_mater-3_adaptive_r1 (mater-3, adaptive, sigma 1, limit 120 s, validate every 100)
2026-09-30 15:02:31 end   stage1_mater-3_adaptive_r1: completed, exit 0, wall 104.8 s, stop strict_validated, iterations 230900
2026-09-30 15:02:31 start stage1_trto3_adaptive_r1 (trto3, adaptive, sigma 1, limit 120 s, validate every 100)
2026-09-30 15:04:33 end   stage1_trto3_adaptive_r1: completed, exit 0, wall 121.8 s, stop time_limit, iterations 36438
2026-09-30 15:04:34 start stage1_trto3_fixed_r1 (trto3, fixed, sigma 1, limit 120 s, validate every 100)
2026-09-30 15:06:36 end   stage1_trto3_fixed_r1: completed, exit 0, wall 121.6 s, stop time_limit, iterations 36328
2026-09-30 15:06:36 start stage1_mater-4_fixed_r1 (mater-4, fixed, sigma 1, limit 120 s, validate every 100)
2026-09-30 15:08:39 end   stage1_mater-4_fixed_r1: completed, exit 0, wall 122.4 s, stop time_limit, iterations 136693
2026-09-30 15:08:39 start stage1_mater-4_adaptive_r1 (mater-4, adaptive, sigma 1, limit 120 s, validate every 100)
2026-09-30 15:10:43 end   stage1_mater-4_adaptive_r1: completed, exit 0, wall 122.5 s, stop time_limit, iterations 140701
2026-09-30 15:10:43 start stage1_buck3_adaptive_r1 (buck3, adaptive, sigma 1, limit 120 s, validate every 200)
2026-09-30 15:12:46 end   stage1_buck3_adaptive_r1: completed, exit 0, wall 122.0 s, stop time_limit, iterations 25501
2026-09-30 15:12:46 start stage1_buck3_fixed_r1 (buck3, fixed, sigma 1, limit 120 s, validate every 200)
2026-09-30 15:14:48 end   stage1_buck3_fixed_r1: completed, exit 0, wall 121.7 s, stop time_limit, iterations 25551
2026-09-30 15:14:48 start stage1_vibra3_fixed_r1 (vibra3, fixed, sigma 1, limit 120 s, validate every 200)
2026-09-30 15:16:51 end   stage1_vibra3_fixed_r1: completed, exit 0, wall 121.8 s, stop time_limit, iterations 25491
2026-09-30 15:16:51 start stage1_vibra3_adaptive_r1 (vibra3, adaptive, sigma 1, limit 120 s, validate every 200)
2026-09-30 15:18:53 end   stage1_vibra3_adaptive_r1: completed, exit 0, wall 121.8 s, stop time_limit, iterations 25505
2026-09-30 15:18:54 start stage1_mater-5_adaptive_r1 (mater-5, adaptive, sigma 1, limit 120 s, validate every 200)
2026-09-30 15:20:57 end   stage1_mater-5_adaptive_r1: completed, exit 0, wall 122.6 s, stop time_limit, iterations 85360
2026-09-30 15:20:57 start stage1_mater-5_fixed_r1 (mater-5, fixed, sigma 1, limit 120 s, validate every 200)
2026-09-30 15:23:01 end   stage1_mater-5_fixed_r1: completed, exit 0, wall 122.6 s, stop time_limit, iterations 84449
2026-09-30 15:23:01 start stage1_shmup2_fixed_r1 (shmup2, fixed, sigma 1, limit 120 s, validate every 200)
2026-09-30 15:25:05 end   stage1_shmup2_fixed_r1: completed, exit 0, wall 122.3 s, stop time_limit, iterations 17495
2026-09-30 15:25:05 start stage1_shmup2_adaptive_r1 (shmup2, adaptive, sigma 1, limit 120 s, validate every 200)
2026-09-30 15:27:08 end   stage1_shmup2_adaptive_r1: completed, exit 0, wall 122.2 s, stop time_limit, iterations 17544
2026-09-30 15:27:08 start stage1_trto4_adaptive_r1 (trto4, adaptive, sigma 1, limit 120 s, validate every 200)
2026-09-30 15:29:12 end   stage1_trto4_adaptive_r1: completed, exit 0, wall 122.3 s, stop time_limit, iterations 15924
2026-09-30 15:29:12 start stage1_trto4_fixed_r1 (trto4, fixed, sigma 1, limit 120 s, validate every 200)
2026-09-30 15:31:16 end   stage1_trto4_fixed_r1: completed, exit 0, wall 122.3 s, stop time_limit, iterations 15951
2026-09-30 15:31:16 start stage1_mater-6_fixed_r1 (mater-6, fixed, sigma 1, limit 120 s, validate every 200)
2026-09-30 15:33:21 end   stage1_mater-6_fixed_r1: completed, exit 0, wall 123.6 s, stop time_limit, iterations 44601
2026-09-30 15:33:21 start stage1_mater-6_adaptive_r1 (mater-6, adaptive, sigma 1, limit 120 s, validate every 200)
2026-09-30 15:35:26 end   stage1_mater-6_adaptive_r1: completed, exit 0, wall 123.1 s, stop time_limit, iterations 44664
2026-09-30 15:35:26 start stage1_buck4_adaptive_r1 (buck4, adaptive, sigma 1, limit 120 s, validate every 200)
2026-09-30 15:37:32 end   stage1_buck4_adaptive_r1: completed, exit 0, wall 122.8 s, stop time_limit, iterations 8588
2026-09-30 15:37:32 start stage1_buck4_fixed_r1 (buck4, fixed, sigma 1, limit 120 s, validate every 200)
2026-09-30 15:39:37 end   stage1_buck4_fixed_r1: completed, exit 0, wall 122.8 s, stop time_limit, iterations 8555
2026-09-30 15:39:37 start stage1_vibra4_fixed_r1 (vibra4, fixed, sigma 1, limit 120 s, validate every 200)
2026-09-30 15:41:43 end   stage1_vibra4_fixed_r1: completed, exit 0, wall 123.0 s, stop time_limit, iterations 8622
2026-09-30 15:41:43 start stage1_vibra4_adaptive_r1 (vibra4, adaptive, sigma 1, limit 120 s, validate every 200)
2026-09-30 15:43:48 end   stage1_vibra4_adaptive_r1: completed, exit 0, wall 122.8 s, stop time_limit, iterations 8610
2026-09-30 15:43:48 start stage1_shmup3_adaptive_r1 (shmup3, adaptive, sigma 1, limit 120 s, validate every 200)
2026-09-30 15:45:56 end   stage1_shmup3_adaptive_r1: completed, exit 0, wall 123.9 s, stop time_limit, iterations 6266
2026-09-30 15:45:56 start stage1_shmup3_fixed_r1 (shmup3, fixed, sigma 1, limit 120 s, validate every 200)
2026-09-30 15:48:04 end   stage1_shmup3_fixed_r1: completed, exit 0, wall 123.8 s, stop time_limit, iterations 6254
2026-09-30 15:48:04 start stage1_trto5_fixed_r1 (trto5, fixed, sigma 1, limit 120 s, validate every 500)
2026-09-30 15:50:18 end   stage1_trto5_fixed_r1: completed, exit 0, wall 125.9 s, stop time_limit, iterations 4894
2026-09-30 15:50:18 start stage1_trto5_adaptive_r1 (trto5, adaptive, sigma 1, limit 120 s, validate every 500)
2026-09-30 15:52:32 end   stage1_trto5_adaptive_r1: completed, exit 0, wall 126.0 s, stop time_limit, iterations 4923
2026-09-30 15:52:32 start stage1_shmup4_adaptive_r1 (shmup4, adaptive, sigma 1, limit 120 s, validate every 500)
2026-09-30 15:54:54 end   stage1_shmup4_adaptive_r1: completed, exit 0, wall 129.2 s, stop time_limit, iterations 9426
2026-09-30 15:54:55 start stage1_shmup4_fixed_r1 (shmup4, fixed, sigma 1, limit 120 s, validate every 500)
2026-09-30 15:57:18 end   stage1_shmup4_fixed_r1: completed, exit 0, wall 129.2 s, stop time_limit, iterations 11302
2026-09-30 15:57:18 start stage1_buck5_fixed_r1 (buck5, fixed, sigma 1, limit 120 s, validate every 500)
2026-09-30 15:59:43 end   stage1_buck5_fixed_r1: completed, exit 0, wall 130.1 s, stop time_limit, iterations 2614
2026-09-30 15:59:43 start stage1_buck5_adaptive_r1 (buck5, adaptive, sigma 1, limit 120 s, validate every 500)
2026-09-30 16:02:08 end   stage1_buck5_adaptive_r1: completed, exit 0, wall 129.9 s, stop time_limit, iterations 2604
2026-09-30 16:02:08 start stage1_vibra5_adaptive_r1 (vibra5, adaptive, sigma 1, limit 120 s, validate every 500)
2026-09-30 16:04:34 end   stage1_vibra5_adaptive_r1: completed, exit 0, wall 130.0 s, stop time_limit, iterations 2624
2026-09-30 16:04:34 start stage1_vibra5_fixed_r1 (vibra5, fixed, sigma 1, limit 120 s, validate every 500)
2026-09-30 16:06:59 end   stage1_vibra5_fixed_r1: completed, exit 0, wall 129.9 s, stop time_limit, iterations 2640
2026-09-30 16:06:59 start stage1_shmup5_fixed_r1 (shmup5, fixed, sigma 1, limit 120 s, validate every 500)
2026-09-30 16:10:43 end   stage1_shmup5_fixed_r1: completed, exit 0, wall 158.4 s, stop time_limit, iterations 5179
2026-09-30 16:10:43 start stage1_shmup5_adaptive_r1 (shmup5, adaptive, sigma 1, limit 120 s, validate every 500)
2026-09-30 16:14:31 end   stage1_shmup5_adaptive_r1: completed, exit 0, wall 160.9 s, stop time_limit, iterations 4001
2026-09-30 16:14:31 plan plans/stage1.json finished
2026-09-30 17:45:16 plan plans/stage3_part2.json: 26 runs; exe /n/home00/yukuanwei/cuadmm-builds/plato_official/cuadmm_exe; host holygpu8a12203.rc.fas.harvard.edu; GPU 0, NVIDIA H200, GPU-7b9b3c91-98c9-b6b8-c440-f9b396b56321, 0 MiB, 143771 MiB, 28, 345 MHz
2026-09-30 17:45:16 plan plans/stage3_part1.json: 26 runs; exe /n/home00/yukuanwei/cuadmm-builds/plato_official/cuadmm_exe; host holygpu8a12203.rc.fas.harvard.edu; GPU 0, NVIDIA H200, GPU-0a2f0264-810a-2e83-ebce-4a486d0df263, 0 MiB, 143771 MiB, 28, 345 MHz
2026-09-30 17:45:17 start stage3_trto1_adaptive_r1 (trto1, adaptive, sigma 1, limit 1800 s, validate every 50)
2026-09-30 17:45:17 start stage3_mater-1_fixed_r1 (mater-1, fixed, sigma 1, limit 1800 s, validate every 50)
2026-09-30 17:47:27 end   stage3_mater-1_fixed_r1: completed, exit 0, wall 128.4 s, stop strict_validated, iterations 389800
2026-09-30 17:47:27 start stage3_mater-1_adaptive_r1 (mater-1, adaptive, sigma 1, limit 1800 s, validate every 50)
2026-09-30 17:48:02 end   stage3_mater-1_adaptive_r1: completed, exit 0, wall 34.2 s, stop strict_validated, iterations 99850
2026-09-30 17:48:02 mater-1: reps 2-3 for fixed, adaptive (rep 1 < 600 s)
2026-09-30 17:48:02 start stage3_mater-1_fixed_r2 (mater-1, fixed, sigma 1, limit 1800 s, validate every 50)
2026-09-30 17:50:10 end   stage3_mater-1_fixed_r2: completed, exit 0, wall 126.2 s, stop strict_validated, iterations 389800
2026-09-30 17:50:10 start stage3_mater-1_adaptive_r2 (mater-1, adaptive, sigma 1, limit 1800 s, validate every 50)
2026-09-30 17:50:45 end   stage3_mater-1_adaptive_r2: completed, exit 0, wall 34.2 s, stop strict_validated, iterations 99850
2026-09-30 17:50:46 start stage3_mater-1_fixed_r3 (mater-1, fixed, sigma 1, limit 1800 s, validate every 50)
2026-09-30 17:52:54 end   stage3_mater-1_fixed_r3: completed, exit 0, wall 126.2 s, stop strict_validated, iterations 389800
2026-09-30 17:52:54 start stage3_mater-1_adaptive_r3 (mater-1, adaptive, sigma 1, limit 1800 s, validate every 50)
2026-09-30 17:53:29 end   stage3_mater-1_adaptive_r3: completed, exit 0, wall 34.2 s, stop strict_validated, iterations 99850
2026-09-30 17:53:29 start stage3_trto2_fixed_r1 (trto2, fixed, sigma 1, limit 1800 s, validate every 50)
2026-09-30 18:16:02 end   stage3_trto1_adaptive_r1: completed, exit 0, wall 1821.6 s, stop time_limit, iterations 4902916
2026-09-30 18:16:03 start stage3_trto1_fixed_r1 (trto1, fixed, sigma 1, limit 1800 s, validate every 50)
2026-09-30 18:16:28 end   stage3_trto1_fixed_r1: completed, exit 0, wall 25.1 s, stop strict_validated, iterations 60150
2026-09-30 18:16:28 trto1: reps 2-3 for fixed (rep 1 < 600 s)
2026-09-30 18:16:28 start stage3_trto1_fixed_r2 (trto1, fixed, sigma 1, limit 1800 s, validate every 50)
2026-09-30 18:16:54 end   stage3_trto1_fixed_r2: completed, exit 0, wall 24.9 s, stop strict_validated, iterations 60150
2026-09-30 18:16:54 start stage3_trto1_fixed_r3 (trto1, fixed, sigma 1, limit 1800 s, validate every 50)
2026-09-30 18:17:19 end   stage3_trto1_fixed_r3: completed, exit 0, wall 24.9 s, stop strict_validated, iterations 60150
2026-09-30 18:17:19 start stage3_buck1_fixed_r1 (buck1, fixed, sigma 1, limit 1800 s, validate every 50)
2026-09-30 18:18:31 end   stage3_buck1_fixed_r1: completed, exit 0, wall 70.7 s, stop strict_validated, iterations 119850
2026-09-30 18:18:31 start stage3_buck1_adaptive_r1 (buck1, adaptive, sigma 1, limit 1800 s, validate every 50)
2026-09-30 18:23:41 end   stage3_trto2_fixed_r1: completed, exit 0, wall 1806.1 s, stop time_limit, iterations 1176209
2026-09-30 18:23:41 start stage3_trto2_adaptive_r1 (trto2, adaptive, sigma 1, limit 1800 s, validate every 50)
2026-09-30 18:49:04 end   stage3_buck1_adaptive_r1: completed, exit 0, wall 1816.0 s, stop time_limit, iterations 3582474
2026-09-30 18:49:04 buck1: reps 2-3 for fixed (rep 1 < 600 s)
2026-09-30 18:49:04 start stage3_buck1_fixed_r2 (buck1, fixed, sigma 1, limit 1800 s, validate every 50)
2026-09-30 18:50:16 end   stage3_buck1_fixed_r2: completed, exit 0, wall 70.8 s, stop strict_validated, iterations 119850
2026-09-30 18:50:16 start stage3_buck1_fixed_r3 (buck1, fixed, sigma 1, limit 1800 s, validate every 50)
2026-09-30 18:51:28 end   stage3_buck1_fixed_r3: completed, exit 0, wall 70.7 s, stop strict_validated, iterations 119850
2026-09-30 18:51:28 start stage3_vibra1_adaptive_r1 (vibra1, adaptive, sigma 1, limit 1800 s, validate every 50)
2026-09-30 18:52:10 end   stage3_vibra1_adaptive_r1: completed, exit 0, wall 41.2 s, stop strict_validated, iterations 68650
2026-09-30 18:52:10 start stage3_vibra1_fixed_r1 (vibra1, fixed, sigma 1, limit 1800 s, validate every 50)
2026-09-30 18:53:53 end   stage3_trto2_adaptive_r1: completed, exit 0, wall 1806.4 s, stop time_limit, iterations 1181927
2026-09-30 18:53:53 start stage3_mater-2_adaptive_r1 (mater-2, adaptive, sigma 1, limit 1800 s, validate every 100)
2026-09-30 18:54:12 end   stage3_mater-2_adaptive_r1: completed, exit 0, wall 18.4 s, stop strict_validated, iterations 48400
2026-09-30 18:54:12 start stage3_mater-2_fixed_r1 (mater-2, fixed, sigma 1, limit 1800 s, validate every 100)
2026-09-30 19:01:36 end   stage3_vibra1_fixed_r1: completed, exit 0, wall 561.9 s, stop strict_validated, iterations 967500
2026-09-30 19:01:36 vibra1: reps 2-3 for adaptive, fixed (rep 1 < 600 s)
2026-09-30 19:01:36 start stage3_vibra1_adaptive_r2 (vibra1, adaptive, sigma 1, limit 1800 s, validate every 50)
2026-09-30 19:01:37 end   stage3_mater-2_fixed_r1: completed, exit 0, wall 439.3 s, stop strict_validated, iterations 1244200
2026-09-30 19:01:37 mater-2: reps 2-3 for adaptive, fixed (rep 1 < 600 s)
2026-09-30 19:01:37 start stage3_mater-2_adaptive_r2 (mater-2, adaptive, sigma 1, limit 1800 s, validate every 100)
2026-09-30 19:01:56 end   stage3_mater-2_adaptive_r2: completed, exit 0, wall 18.2 s, stop strict_validated, iterations 48400
2026-09-30 19:01:56 start stage3_mater-2_fixed_r2 (mater-2, fixed, sigma 1, limit 1800 s, validate every 100)
2026-09-30 19:02:18 end   stage3_vibra1_adaptive_r2: completed, exit 0, wall 41.6 s, stop strict_validated, iterations 68650
2026-09-30 19:02:18 start stage3_vibra1_fixed_r2 (vibra1, fixed, sigma 1, limit 1800 s, validate every 50)
2026-09-30 19:09:13 end   stage3_mater-2_fixed_r2: completed, exit 0, wall 431.3 s, stop strict_validated, iterations 1244200
2026-09-30 19:09:13 start stage3_mater-2_adaptive_r3 (mater-2, adaptive, sigma 1, limit 1800 s, validate every 100)
2026-09-30 19:09:32 end   stage3_mater-2_adaptive_r3: completed, exit 0, wall 18.3 s, stop strict_validated, iterations 48400
2026-09-30 19:09:32 start stage3_mater-2_fixed_r3 (mater-2, fixed, sigma 1, limit 1800 s, validate every 100)
2026-09-30 19:11:46 end   stage3_vibra1_fixed_r2: completed, exit 0, wall 563.2 s, stop strict_validated, iterations 967500
2026-09-30 19:11:46 start stage3_vibra1_adaptive_r3 (vibra1, adaptive, sigma 1, limit 1800 s, validate every 50)
2026-09-30 19:12:28 end   stage3_vibra1_adaptive_r3: completed, exit 0, wall 41.4 s, stop strict_validated, iterations 68650
2026-09-30 19:12:28 start stage3_vibra1_fixed_r3 (vibra1, fixed, sigma 1, limit 1800 s, validate every 50)
2026-09-30 19:16:52 end   stage3_mater-2_fixed_r3: completed, exit 0, wall 435.0 s, stop strict_validated, iterations 1244200
2026-09-30 19:16:52 start stage3_mater-3_fixed_r1 (mater-3, fixed, sigma 1, limit 1800 s, validate every 500)
2026-09-30 19:21:54 end   stage3_vibra1_fixed_r3: completed, exit 0, wall 562.1 s, stop strict_validated, iterations 967500
2026-09-30 19:21:54 start stage3_shmup1_adaptive_r1 (shmup1, adaptive, sigma 1, limit 1800 s, validate every 50)
2026-09-30 19:47:30 end   stage3_mater-3_fixed_r1: completed, exit 0, wall 1819.8 s, stop time_limit, iterations 4727643
2026-09-30 19:47:30 start stage3_mater-3_adaptive_r1 (mater-3, adaptive, sigma 1, limit 1800 s, validate every 500)
2026-09-30 19:49:02 end   stage3_mater-3_adaptive_r1: completed, exit 0, wall 90.8 s, stop strict_validated, iterations 231000
2026-09-30 19:49:02 mater-3: reps 2-3 for adaptive (rep 1 < 600 s)
2026-09-30 19:49:02 start stage3_mater-3_adaptive_r2 (mater-3, adaptive, sigma 1, limit 1800 s, validate every 500)
2026-09-30 19:50:33 end   stage3_mater-3_adaptive_r2: completed, exit 0, wall 90.5 s, stop strict_validated, iterations 231000
2026-09-30 19:50:33 start stage3_mater-3_adaptive_r3 (mater-3, adaptive, sigma 1, limit 1800 s, validate every 500)
2026-09-30 19:52:05 end   stage3_mater-3_adaptive_r3: completed, exit 0, wall 90.4 s, stop strict_validated, iterations 231000
2026-09-30 19:52:05 start stage3_mater-4_fixed_r1 (mater-4, fixed, sigma 1, limit 1800 s, validate every 500)
2026-09-30 19:52:13 end   stage3_shmup1_adaptive_r1: completed, exit 0, wall 1809.5 s, stop time_limit, iterations 1820426
2026-09-30 19:52:13 start stage3_shmup1_fixed_r1 (shmup1, fixed, sigma 1, limit 1800 s, validate every 50)
2026-09-30 20:22:29 end   stage3_mater-4_fixed_r1: completed, exit 0, wall 1811.0 s, stop time_limit, iterations 2741433
2026-09-30 20:22:29 start stage3_mater-4_adaptive_r1 (mater-4, adaptive, sigma 1, limit 1800 s, validate every 500)
2026-09-30 20:22:30 end   stage3_shmup1_fixed_r1: completed, exit 0, wall 1808.8 s, stop time_limit, iterations 1762882
2026-09-30 20:22:30 start stage3_buck2_fixed_r1 (buck2, fixed, sigma 1, limit 1800 s, validate every 50)
2026-09-30 20:30:55 end   stage3_mater-4_adaptive_r1: completed, exit 0, wall 502.5 s, stop strict_validated, iterations 769500
2026-09-30 20:30:55 mater-4: reps 2-3 for adaptive (rep 1 < 600 s)
2026-09-30 20:30:55 start stage3_mater-4_adaptive_r2 (mater-4, adaptive, sigma 1, limit 1800 s, validate every 500)
2026-09-30 20:39:31 end   stage3_mater-4_adaptive_r2: completed, exit 0, wall 512.8 s, stop strict_validated, iterations 769500
2026-09-30 20:39:31 start stage3_mater-4_adaptive_r3 (mater-4, adaptive, sigma 1, limit 1800 s, validate every 500)
2026-09-30 20:48:05 end   stage3_mater-4_adaptive_r3: completed, exit 0, wall 510.3 s, stop strict_validated, iterations 769500
2026-09-30 20:48:05 start stage3_buck3_adaptive_r1 (buck3, adaptive, sigma 1, limit 1800 s, validate every 50)
2026-09-30 20:52:40 end   stage3_buck2_fixed_r1: completed, exit 0, wall 1805.3 s, stop time_limit, iterations 891350
2026-09-30 20:52:40 start stage3_buck2_adaptive_r1 (buck2, adaptive, sigma 1, limit 1800 s, validate every 50)
2026-09-30 21:18:11 end   stage3_buck3_adaptive_r1: completed, exit 0, wall 1803.5 s, stop time_limit, iterations 363375
2026-09-30 21:18:11 start stage3_buck3_fixed_r1 (buck3, fixed, sigma 1, limit 1800 s, validate every 50)
2026-09-30 21:22:50 end   stage3_buck2_adaptive_r1: completed, exit 0, wall 1805.3 s, stop time_limit, iterations 907962
2026-09-30 21:22:50 start stage3_vibra2_adaptive_r1 (vibra2, adaptive, sigma 1, limit 1800 s, validate every 50)
2026-09-30 21:48:16 end   stage3_buck3_fixed_r1: completed, exit 0, wall 1803.1 s, stop time_limit, iterations 364164
2026-09-30 21:48:16 start stage3_vibra3_fixed_r1 (vibra3, fixed, sigma 1, limit 1800 s, validate every 50)
2026-09-30 21:53:00 end   stage3_vibra2_adaptive_r1: completed, exit 0, wall 1804.8 s, stop time_limit, iterations 907431
2026-09-30 21:53:00 start stage3_vibra2_fixed_r1 (vibra2, fixed, sigma 1, limit 1800 s, validate every 50)
2026-09-30 22:18:22 end   stage3_vibra3_fixed_r1: completed, exit 0, wall 1803.4 s, stop time_limit, iterations 362386
2026-09-30 22:18:22 start stage3_vibra3_adaptive_r1 (vibra3, adaptive, sigma 1, limit 1800 s, validate every 50)
2026-09-30 22:23:09 end   stage3_vibra2_fixed_r1: completed, exit 0, wall 1804.9 s, stop time_limit, iterations 908190
2026-09-30 22:23:09 start stage3_trto3_adaptive_r1 (trto3, adaptive, sigma 1, limit 1800 s, validate every 50)
2026-09-30 22:48:28 end   stage3_vibra3_adaptive_r1: completed, exit 0, wall 1803.4 s, stop time_limit, iterations 365924
2026-09-30 22:48:28 start stage3_trto4_adaptive_r1 (trto4, adaptive, sigma 1, limit 1800 s, validate every 100)
2026-09-30 22:53:16 end   stage3_trto3_adaptive_r1: completed, exit 0, wall 1803.9 s, stop time_limit, iterations 521375
2026-09-30 22:53:16 start stage3_trto3_fixed_r1 (trto3, fixed, sigma 1, limit 1800 s, validate every 50)
2026-09-30 23:18:34 end   stage3_trto4_adaptive_r1: completed, exit 0, wall 1803.2 s, stop time_limit, iterations 231000
2026-09-30 23:18:34 start stage3_trto4_fixed_r1 (trto4, fixed, sigma 1, limit 1800 s, validate every 100)
2026-09-30 23:23:22 end   stage3_trto3_fixed_r1: completed, exit 0, wall 1803.5 s, stop time_limit, iterations 521616
2026-09-30 23:23:23 start stage3_mater-5_adaptive_r1 (mater-5, adaptive, sigma 1, limit 1800 s, validate every 1000)
2026-09-30 23:40:51 end   stage3_mater-5_adaptive_r1: completed, exit 0, wall 1044.8 s, stop strict_validated, iterations 890000
2026-09-30 23:40:51 start stage3_mater-5_fixed_r1 (mater-5, fixed, sigma 1, limit 1800 s, validate every 1000)
2026-09-30 23:48:39 end   stage3_trto4_fixed_r1: completed, exit 0, wall 1803.1 s, stop time_limit, iterations 231182
2026-09-30 23:48:40 start stage3_buck4_adaptive_r1 (buck4, adaptive, sigma 1, limit 1800 s, validate every 100)
2026-10-01 00:11:07 end   stage3_mater-5_fixed_r1: completed, exit 0, wall 1808.0 s, stop time_limit, iterations 1557925
2026-10-01 00:11:07 start stage3_shmup2_fixed_r1 (shmup2, fixed, sigma 1, limit 1800 s, validate every 50)
2026-10-01 00:18:46 end   stage3_buck4_adaptive_r1: completed, exit 0, wall 1803.4 s, stop time_limit, iterations 126034
2026-10-01 00:18:46 start stage3_buck4_fixed_r1 (buck4, fixed, sigma 1, limit 1800 s, validate every 100)
2026-10-01 00:41:13 end   stage3_shmup2_fixed_r1: completed, exit 0, wall 1803.1 s, stop time_limit, iterations 246853
2026-10-01 00:41:13 start stage3_shmup2_adaptive_r1 (shmup2, adaptive, sigma 1, limit 1800 s, validate every 50)
2026-10-01 00:48:52 end   stage3_buck4_fixed_r1: completed, exit 0, wall 1803.1 s, stop time_limit, iterations 125401
2026-10-01 00:48:52 start stage3_shmup3_adaptive_r1 (shmup3, adaptive, sigma 1, limit 1800 s, validate every 100)
2026-10-01 01:11:18 end   stage3_shmup2_adaptive_r1: completed, exit 0, wall 1802.9 s, stop time_limit, iterations 244662
2026-10-01 01:11:18 start stage3_mater-6_fixed_r1 (mater-6, fixed, sigma 1, limit 1800 s, validate every 1000)
2026-10-01 01:19:00 end   stage3_shmup3_adaptive_r1: completed, exit 0, wall 1804.0 s, stop time_limit, iterations 91113
2026-10-01 01:19:00 start stage3_shmup3_fixed_r1 (shmup3, fixed, sigma 1, limit 1800 s, validate every 100)
2026-10-01 01:41:29 end   stage3_mater-6_fixed_r1: completed, exit 0, wall 1806.2 s, stop time_limit, iterations 817549
2026-10-01 01:41:29 start stage3_mater-6_adaptive_r1 (mater-6, adaptive, sigma 1, limit 1800 s, validate every 1000)
2026-10-01 01:49:09 end   stage3_shmup3_fixed_r1: completed, exit 0, wall 1804.1 s, stop time_limit, iterations 90624
2026-10-01 01:49:09 start stage3_trto5_fixed_r1 (trto5, fixed, sigma 1, limit 1800 s, validate every 500)
2026-10-01 02:11:40 end   stage3_mater-6_adaptive_r1: completed, exit 0, wall 1805.9 s, stop time_limit, iterations 827123
2026-10-01 02:11:40 start stage3_vibra4_fixed_r1 (vibra4, fixed, sigma 1, limit 1800 s, validate every 100)
2026-10-01 02:19:24 end   stage3_trto5_fixed_r1: completed, exit 0, wall 1806.7 s, stop time_limit, iterations 74001
2026-10-01 02:19:24 start stage3_trto5_adaptive_r1 (trto5, adaptive, sigma 1, limit 1800 s, validate every 500)
2026-10-01 02:41:47 end   stage3_vibra4_fixed_r1: completed, exit 0, wall 1803.3 s, stop time_limit, iterations 127863
2026-10-01 02:41:47 start stage3_vibra4_adaptive_r1 (vibra4, adaptive, sigma 1, limit 1800 s, validate every 100)
2026-10-01 02:49:38 end   stage3_trto5_adaptive_r1: completed, exit 0, wall 1806.1 s, stop time_limit, iterations 72958
2026-10-01 02:49:38 start stage3_buck5_fixed_r1 (buck5, fixed, sigma 1, limit 1800 s, validate every 200)
2026-10-01 03:11:53 end   stage3_vibra4_adaptive_r1: completed, exit 0, wall 1803.3 s, stop time_limit, iterations 127266
2026-10-01 03:11:53 start stage3_shmup4_adaptive_r1 (shmup4, adaptive, sigma 1, limit 1800 s, validate every 500)
2026-10-01 03:20:03 end   stage3_buck5_fixed_r1: completed, exit 0, wall 1810.1 s, stop time_limit, iterations 37569
2026-10-01 03:20:03 start stage3_buck5_adaptive_r1 (buck5, adaptive, sigma 1, limit 1800 s, validate every 200)
2026-10-01 03:42:16 end   stage3_shmup4_adaptive_r1: completed, exit 0, wall 1809.2 s, stop time_limit, iterations 51773
2026-10-01 03:42:16 start stage3_shmup4_fixed_r1 (shmup4, fixed, sigma 1, limit 1800 s, validate every 500)
2026-10-01 03:50:28 end   stage3_buck5_adaptive_r1: completed, exit 0, wall 1809.7 s, stop time_limit, iterations 37497
2026-10-01 03:50:28 start stage3_vibra5_adaptive_r1 (vibra5, adaptive, sigma 1, limit 1800 s, validate every 200)
2026-10-01 04:12:40 end   stage3_shmup4_fixed_r1: completed, exit 0, wall 1809.6 s, stop time_limit, iterations 59175
2026-10-01 04:12:40 start stage3_shmup5_fixed_r1 (shmup5, fixed, sigma 1, limit 1800 s, validate every 5000)
2026-10-01 04:20:54 end   stage3_vibra5_adaptive_r1: completed, exit 0, wall 1810.4 s, stop time_limit, iterations 38091
2026-10-01 04:20:54 start stage3_vibra5_fixed_r1 (vibra5, fixed, sigma 1, limit 1800 s, validate every 200)
2026-10-01 04:44:26 end   stage3_shmup5_fixed_r1: completed, exit 0, wall 1838.7 s, stop time_limit, iterations 54504
2026-10-01 04:44:26 start stage3_shmup5_adaptive_r1 (shmup5, adaptive, sigma 1, limit 1800 s, validate every 5000)
2026-10-01 04:51:19 end   stage3_vibra5_fixed_r1: completed, exit 0, wall 1809.9 s, stop time_limit, iterations 38250
2026-10-01 04:51:19 plan plans/stage3_part2.json finished
2026-10-01 05:16:14 end   stage3_shmup5_adaptive_r1: completed, exit 0, wall 1839.1 s, stop time_limit, iterations 18613
2026-10-01 05:16:14 plan plans/stage3_part1.json finished
