2026-09-30 17:45:16 plan plans/stage3_part1.json: 26 runs; exe /n/home00/yukuanwei/cuadmm-builds/plato_official/cuadmm_exe; host holygpu8a12203.rc.fas.harvard.edu; GPU 0, NVIDIA H200, GPU-0a2f0264-810a-2e83-ebce-4a486d0df263, 0 MiB, 143771 MiB, 28, 345 MHz
2026-09-30 17:45:17 start stage3_trto1_adaptive_r1 (trto1, adaptive, sigma 1, limit 1800 s, validate every 50)
2026-09-30 18:16:02 end   stage3_trto1_adaptive_r1: completed, exit 0, wall 1821.6 s, stop time_limit, iterations 4902916
2026-09-30 18:16:03 start stage3_trto1_fixed_r1 (trto1, fixed, sigma 1, limit 1800 s, validate every 50)
2026-09-30 18:16:28 end   stage3_trto1_fixed_r1: completed, exit 0, wall 25.1 s, stop strict_validated, iterations 60150
2026-09-30 18:16:28 trto1: reps 2-3 for fixed (rep 1 < 600 s)
2026-09-30 18:16:28 start stage3_trto1_fixed_r2 (trto1, fixed, sigma 1, limit 1800 s, validate every 50)
2026-09-30 18:16:54 end   stage3_trto1_fixed_r2: completed, exit 0, wall 24.9 s, stop strict_validated, iterations 60150
2026-09-30 18:16:54 start stage3_trto1_fixed_r3 (trto1, fixed, sigma 1, limit 1800 s, validate every 50)
2026-09-30 18:17:19 end   stage3_trto1_fixed_r3: completed, exit 0, wall 24.9 s, stop strict_validated, iterations 60150
2026-09-30 18:17:19 start stage3_buck1_fixed_r1 (buck1, fixed, sigma 1, limit 1800 s, validate every 50)
2026-09-30 18:18:31 end   stage3_buck1_fixed_r1: completed, exit 0, wall 70.7 s, stop strict_validated, iterations 119850
2026-09-30 18:18:31 start stage3_buck1_adaptive_r1 (buck1, adaptive, sigma 1, limit 1800 s, validate every 50)
2026-09-30 18:49:04 end   stage3_buck1_adaptive_r1: completed, exit 0, wall 1816.0 s, stop time_limit, iterations 3582474
2026-09-30 18:49:04 buck1: reps 2-3 for fixed (rep 1 < 600 s)
2026-09-30 18:49:04 start stage3_buck1_fixed_r2 (buck1, fixed, sigma 1, limit 1800 s, validate every 50)
2026-09-30 18:50:16 end   stage3_buck1_fixed_r2: completed, exit 0, wall 70.8 s, stop strict_validated, iterations 119850
2026-09-30 18:50:16 start stage3_buck1_fixed_r3 (buck1, fixed, sigma 1, limit 1800 s, validate every 50)
2026-09-30 18:51:28 end   stage3_buck1_fixed_r3: completed, exit 0, wall 70.7 s, stop strict_validated, iterations 119850
2026-09-30 18:51:28 start stage3_vibra1_adaptive_r1 (vibra1, adaptive, sigma 1, limit 1800 s, validate every 50)
2026-09-30 18:52:10 end   stage3_vibra1_adaptive_r1: completed, exit 0, wall 41.2 s, stop strict_validated, iterations 68650
2026-09-30 18:52:10 start stage3_vibra1_fixed_r1 (vibra1, fixed, sigma 1, limit 1800 s, validate every 50)
2026-09-30 19:01:36 end   stage3_vibra1_fixed_r1: completed, exit 0, wall 561.9 s, stop strict_validated, iterations 967500
2026-09-30 19:01:36 vibra1: reps 2-3 for adaptive, fixed (rep 1 < 600 s)
2026-09-30 19:01:36 start stage3_vibra1_adaptive_r2 (vibra1, adaptive, sigma 1, limit 1800 s, validate every 50)
2026-09-30 19:02:18 end   stage3_vibra1_adaptive_r2: completed, exit 0, wall 41.6 s, stop strict_validated, iterations 68650
2026-09-30 19:02:18 start stage3_vibra1_fixed_r2 (vibra1, fixed, sigma 1, limit 1800 s, validate every 50)
2026-09-30 19:11:46 end   stage3_vibra1_fixed_r2: completed, exit 0, wall 563.2 s, stop strict_validated, iterations 967500
2026-09-30 19:11:46 start stage3_vibra1_adaptive_r3 (vibra1, adaptive, sigma 1, limit 1800 s, validate every 50)
2026-09-30 19:12:28 end   stage3_vibra1_adaptive_r3: completed, exit 0, wall 41.4 s, stop strict_validated, iterations 68650
2026-09-30 19:12:28 start stage3_vibra1_fixed_r3 (vibra1, fixed, sigma 1, limit 1800 s, validate every 50)
2026-09-30 19:21:54 end   stage3_vibra1_fixed_r3: completed, exit 0, wall 562.1 s, stop strict_validated, iterations 967500
2026-09-30 19:21:54 start stage3_shmup1_adaptive_r1 (shmup1, adaptive, sigma 1, limit 1800 s, validate every 50)
2026-09-30 19:52:13 end   stage3_shmup1_adaptive_r1: completed, exit 0, wall 1809.5 s, stop time_limit, iterations 1820426
2026-09-30 19:52:13 start stage3_shmup1_fixed_r1 (shmup1, fixed, sigma 1, limit 1800 s, validate every 50)
2026-09-30 20:22:30 end   stage3_shmup1_fixed_r1: completed, exit 0, wall 1808.8 s, stop time_limit, iterations 1762882
2026-09-30 20:22:30 start stage3_buck2_fixed_r1 (buck2, fixed, sigma 1, limit 1800 s, validate every 50)
2026-09-30 20:52:40 end   stage3_buck2_fixed_r1: completed, exit 0, wall 1805.3 s, stop time_limit, iterations 891350
2026-09-30 20:52:40 start stage3_buck2_adaptive_r1 (buck2, adaptive, sigma 1, limit 1800 s, validate every 50)
2026-09-30 21:22:50 end   stage3_buck2_adaptive_r1: completed, exit 0, wall 1805.3 s, stop time_limit, iterations 907962
2026-09-30 21:22:50 start stage3_vibra2_adaptive_r1 (vibra2, adaptive, sigma 1, limit 1800 s, validate every 50)
2026-09-30 21:53:00 end   stage3_vibra2_adaptive_r1: completed, exit 0, wall 1804.8 s, stop time_limit, iterations 907431
2026-09-30 21:53:00 start stage3_vibra2_fixed_r1 (vibra2, fixed, sigma 1, limit 1800 s, validate every 50)
2026-09-30 22:23:09 end   stage3_vibra2_fixed_r1: completed, exit 0, wall 1804.9 s, stop time_limit, iterations 908190
2026-09-30 22:23:09 start stage3_trto3_adaptive_r1 (trto3, adaptive, sigma 1, limit 1800 s, validate every 50)
2026-09-30 22:53:16 end   stage3_trto3_adaptive_r1: completed, exit 0, wall 1803.9 s, stop time_limit, iterations 521375
2026-09-30 22:53:16 start stage3_trto3_fixed_r1 (trto3, fixed, sigma 1, limit 1800 s, validate every 50)
2026-09-30 23:23:22 end   stage3_trto3_fixed_r1: completed, exit 0, wall 1803.5 s, stop time_limit, iterations 521616
2026-09-30 23:23:23 start stage3_mater-5_adaptive_r1 (mater-5, adaptive, sigma 1, limit 1800 s, validate every 1000)
2026-09-30 23:40:51 end   stage3_mater-5_adaptive_r1: completed, exit 0, wall 1044.8 s, stop strict_validated, iterations 890000
2026-09-30 23:40:51 start stage3_mater-5_fixed_r1 (mater-5, fixed, sigma 1, limit 1800 s, validate every 1000)
2026-10-01 00:11:07 end   stage3_mater-5_fixed_r1: completed, exit 0, wall 1808.0 s, stop time_limit, iterations 1557925
2026-10-01 00:11:07 start stage3_shmup2_fixed_r1 (shmup2, fixed, sigma 1, limit 1800 s, validate every 50)
2026-10-01 00:41:13 end   stage3_shmup2_fixed_r1: completed, exit 0, wall 1803.1 s, stop time_limit, iterations 246853
2026-10-01 00:41:13 start stage3_shmup2_adaptive_r1 (shmup2, adaptive, sigma 1, limit 1800 s, validate every 50)
2026-10-01 01:11:18 end   stage3_shmup2_adaptive_r1: completed, exit 0, wall 1802.9 s, stop time_limit, iterations 244662
2026-10-01 01:11:18 start stage3_mater-6_fixed_r1 (mater-6, fixed, sigma 1, limit 1800 s, validate every 1000)
2026-10-01 01:41:29 end   stage3_mater-6_fixed_r1: completed, exit 0, wall 1806.2 s, stop time_limit, iterations 817549
2026-10-01 01:41:29 start stage3_mater-6_adaptive_r1 (mater-6, adaptive, sigma 1, limit 1800 s, validate every 1000)
2026-10-01 02:11:40 end   stage3_mater-6_adaptive_r1: completed, exit 0, wall 1805.9 s, stop time_limit, iterations 827123
2026-10-01 02:11:40 start stage3_vibra4_fixed_r1 (vibra4, fixed, sigma 1, limit 1800 s, validate every 100)
2026-10-01 02:41:47 end   stage3_vibra4_fixed_r1: completed, exit 0, wall 1803.3 s, stop time_limit, iterations 127863
2026-10-01 02:41:47 start stage3_vibra4_adaptive_r1 (vibra4, adaptive, sigma 1, limit 1800 s, validate every 100)
2026-10-01 03:11:53 end   stage3_vibra4_adaptive_r1: completed, exit 0, wall 1803.3 s, stop time_limit, iterations 127266
2026-10-01 03:11:53 start stage3_shmup4_adaptive_r1 (shmup4, adaptive, sigma 1, limit 1800 s, validate every 500)
2026-10-01 03:42:16 end   stage3_shmup4_adaptive_r1: completed, exit 0, wall 1809.2 s, stop time_limit, iterations 51773
2026-10-01 03:42:16 start stage3_shmup4_fixed_r1 (shmup4, fixed, sigma 1, limit 1800 s, validate every 500)
2026-10-01 04:12:40 end   stage3_shmup4_fixed_r1: completed, exit 0, wall 1809.6 s, stop time_limit, iterations 59175
2026-10-01 04:12:40 start stage3_shmup5_fixed_r1 (shmup5, fixed, sigma 1, limit 1800 s, validate every 5000)
2026-10-01 04:44:26 end   stage3_shmup5_fixed_r1: completed, exit 0, wall 1838.7 s, stop time_limit, iterations 54504
2026-10-01 04:44:26 start stage3_shmup5_adaptive_r1 (shmup5, adaptive, sigma 1, limit 1800 s, validate every 5000)
2026-10-01 05:16:14 end   stage3_shmup5_adaptive_r1: completed, exit 0, wall 1839.1 s, stop time_limit, iterations 18613
2026-10-01 05:16:14 plan plans/stage3_part1.json finished
