2026-09-30 17:45:16 plan plans/stage3_part2.json: 26 runs; exe /n/home00/yukuanwei/cuadmm-builds/plato_official/cuadmm_exe; host holygpu8a12203.rc.fas.harvard.edu; GPU 0, NVIDIA H200, GPU-7b9b3c91-98c9-b6b8-c440-f9b396b56321, 0 MiB, 143771 MiB, 28, 345 MHz
2026-09-30 17:45:17 start stage3_mater-1_fixed_r1 (mater-1, fixed, sigma 1, limit 1800 s, validate every 50)
2026-09-30 17:47:27 end   stage3_mater-1_fixed_r1: completed, exit 0, wall 128.4 s, stop strict_validated, iterations 389800
2026-09-30 17:47:27 start stage3_mater-1_adaptive_r1 (mater-1, adaptive, sigma 1, limit 1800 s, validate every 50)
2026-09-30 17:48:02 end   stage3_mater-1_adaptive_r1: completed, exit 0, wall 34.2 s, stop strict_validated, iterations 99850
2026-09-30 17:48:02 mater-1: reps 2-3 for fixed, adaptive (rep 1 < 600 s)
2026-09-30 17:48:02 start stage3_mater-1_fixed_r2 (mater-1, fixed, sigma 1, limit 1800 s, validate every 50)
2026-09-30 17:50:10 end   stage3_mater-1_fixed_r2: completed, exit 0, wall 126.2 s, stop strict_validated, iterations 389800
2026-09-30 17:50:10 start stage3_mater-1_adaptive_r2 (mater-1, adaptive, sigma 1, limit 1800 s, validate every 50)
2026-09-30 17:50:45 end   stage3_mater-1_adaptive_r2: completed, exit 0, wall 34.2 s, stop strict_validated, iterations 99850
2026-09-30 17:50:46 start stage3_mater-1_fixed_r3 (mater-1, fixed, sigma 1, limit 1800 s, validate every 50)
2026-09-30 17:52:54 end   stage3_mater-1_fixed_r3: completed, exit 0, wall 126.2 s, stop strict_validated, iterations 389800
2026-09-30 17:52:54 start stage3_mater-1_adaptive_r3 (mater-1, adaptive, sigma 1, limit 1800 s, validate every 50)
2026-09-30 17:53:29 end   stage3_mater-1_adaptive_r3: completed, exit 0, wall 34.2 s, stop strict_validated, iterations 99850
2026-09-30 17:53:29 start stage3_trto2_fixed_r1 (trto2, fixed, sigma 1, limit 1800 s, validate every 50)
2026-09-30 18:23:41 end   stage3_trto2_fixed_r1: completed, exit 0, wall 1806.1 s, stop time_limit, iterations 1176209
2026-09-30 18:23:41 start stage3_trto2_adaptive_r1 (trto2, adaptive, sigma 1, limit 1800 s, validate every 50)
2026-09-30 18:53:53 end   stage3_trto2_adaptive_r1: completed, exit 0, wall 1806.4 s, stop time_limit, iterations 1181927
2026-09-30 18:53:53 start stage3_mater-2_adaptive_r1 (mater-2, adaptive, sigma 1, limit 1800 s, validate every 100)
2026-09-30 18:54:12 end   stage3_mater-2_adaptive_r1: completed, exit 0, wall 18.4 s, stop strict_validated, iterations 48400
2026-09-30 18:54:12 start stage3_mater-2_fixed_r1 (mater-2, fixed, sigma 1, limit 1800 s, validate every 100)
2026-09-30 19:01:37 end   stage3_mater-2_fixed_r1: completed, exit 0, wall 439.3 s, stop strict_validated, iterations 1244200
2026-09-30 19:01:37 mater-2: reps 2-3 for adaptive, fixed (rep 1 < 600 s)
2026-09-30 19:01:37 start stage3_mater-2_adaptive_r2 (mater-2, adaptive, sigma 1, limit 1800 s, validate every 100)
2026-09-30 19:01:56 end   stage3_mater-2_adaptive_r2: completed, exit 0, wall 18.2 s, stop strict_validated, iterations 48400
2026-09-30 19:01:56 start stage3_mater-2_fixed_r2 (mater-2, fixed, sigma 1, limit 1800 s, validate every 100)
2026-09-30 19:09:13 end   stage3_mater-2_fixed_r2: completed, exit 0, wall 431.3 s, stop strict_validated, iterations 1244200
2026-09-30 19:09:13 start stage3_mater-2_adaptive_r3 (mater-2, adaptive, sigma 1, limit 1800 s, validate every 100)
2026-09-30 19:09:32 end   stage3_mater-2_adaptive_r3: completed, exit 0, wall 18.3 s, stop strict_validated, iterations 48400
2026-09-30 19:09:32 start stage3_mater-2_fixed_r3 (mater-2, fixed, sigma 1, limit 1800 s, validate every 100)
2026-09-30 19:16:52 end   stage3_mater-2_fixed_r3: completed, exit 0, wall 435.0 s, stop strict_validated, iterations 1244200
2026-09-30 19:16:52 start stage3_mater-3_fixed_r1 (mater-3, fixed, sigma 1, limit 1800 s, validate every 500)
2026-09-30 19:47:30 end   stage3_mater-3_fixed_r1: completed, exit 0, wall 1819.8 s, stop time_limit, iterations 4727643
2026-09-30 19:47:30 start stage3_mater-3_adaptive_r1 (mater-3, adaptive, sigma 1, limit 1800 s, validate every 500)
2026-09-30 19:49:02 end   stage3_mater-3_adaptive_r1: completed, exit 0, wall 90.8 s, stop strict_validated, iterations 231000
2026-09-30 19:49:02 mater-3: reps 2-3 for adaptive (rep 1 < 600 s)
2026-09-30 19:49:02 start stage3_mater-3_adaptive_r2 (mater-3, adaptive, sigma 1, limit 1800 s, validate every 500)
2026-09-30 19:50:33 end   stage3_mater-3_adaptive_r2: completed, exit 0, wall 90.5 s, stop strict_validated, iterations 231000
2026-09-30 19:50:33 start stage3_mater-3_adaptive_r3 (mater-3, adaptive, sigma 1, limit 1800 s, validate every 500)
2026-09-30 19:52:05 end   stage3_mater-3_adaptive_r3: completed, exit 0, wall 90.4 s, stop strict_validated, iterations 231000
2026-09-30 19:52:05 start stage3_mater-4_fixed_r1 (mater-4, fixed, sigma 1, limit 1800 s, validate every 500)
2026-09-30 20:22:29 end   stage3_mater-4_fixed_r1: completed, exit 0, wall 1811.0 s, stop time_limit, iterations 2741433
2026-09-30 20:22:29 start stage3_mater-4_adaptive_r1 (mater-4, adaptive, sigma 1, limit 1800 s, validate every 500)
2026-09-30 20:30:55 end   stage3_mater-4_adaptive_r1: completed, exit 0, wall 502.5 s, stop strict_validated, iterations 769500
2026-09-30 20:30:55 mater-4: reps 2-3 for adaptive (rep 1 < 600 s)
2026-09-30 20:30:55 start stage3_mater-4_adaptive_r2 (mater-4, adaptive, sigma 1, limit 1800 s, validate every 500)
2026-09-30 20:39:31 end   stage3_mater-4_adaptive_r2: completed, exit 0, wall 512.8 s, stop strict_validated, iterations 769500
2026-09-30 20:39:31 start stage3_mater-4_adaptive_r3 (mater-4, adaptive, sigma 1, limit 1800 s, validate every 500)
2026-09-30 20:48:05 end   stage3_mater-4_adaptive_r3: completed, exit 0, wall 510.3 s, stop strict_validated, iterations 769500
2026-09-30 20:48:05 start stage3_buck3_adaptive_r1 (buck3, adaptive, sigma 1, limit 1800 s, validate every 50)
2026-09-30 21:18:11 end   stage3_buck3_adaptive_r1: completed, exit 0, wall 1803.5 s, stop time_limit, iterations 363375
2026-09-30 21:18:11 start stage3_buck3_fixed_r1 (buck3, fixed, sigma 1, limit 1800 s, validate every 50)
2026-09-30 21:48:16 end   stage3_buck3_fixed_r1: completed, exit 0, wall 1803.1 s, stop time_limit, iterations 364164
2026-09-30 21:48:16 start stage3_vibra3_fixed_r1 (vibra3, fixed, sigma 1, limit 1800 s, validate every 50)
2026-09-30 22:18:22 end   stage3_vibra3_fixed_r1: completed, exit 0, wall 1803.4 s, stop time_limit, iterations 362386
2026-09-30 22:18:22 start stage3_vibra3_adaptive_r1 (vibra3, adaptive, sigma 1, limit 1800 s, validate every 50)
2026-09-30 22:48:28 end   stage3_vibra3_adaptive_r1: completed, exit 0, wall 1803.4 s, stop time_limit, iterations 365924
2026-09-30 22:48:28 start stage3_trto4_adaptive_r1 (trto4, adaptive, sigma 1, limit 1800 s, validate every 100)
2026-09-30 23:18:34 end   stage3_trto4_adaptive_r1: completed, exit 0, wall 1803.2 s, stop time_limit, iterations 231000
2026-09-30 23:18:34 start stage3_trto4_fixed_r1 (trto4, fixed, sigma 1, limit 1800 s, validate every 100)
2026-09-30 23:48:39 end   stage3_trto4_fixed_r1: completed, exit 0, wall 1803.1 s, stop time_limit, iterations 231182
2026-09-30 23:48:40 start stage3_buck4_adaptive_r1 (buck4, adaptive, sigma 1, limit 1800 s, validate every 100)
2026-10-01 00:18:46 end   stage3_buck4_adaptive_r1: completed, exit 0, wall 1803.4 s, stop time_limit, iterations 126034
2026-10-01 00:18:46 start stage3_buck4_fixed_r1 (buck4, fixed, sigma 1, limit 1800 s, validate every 100)
2026-10-01 00:48:52 end   stage3_buck4_fixed_r1: completed, exit 0, wall 1803.1 s, stop time_limit, iterations 125401
2026-10-01 00:48:52 start stage3_shmup3_adaptive_r1 (shmup3, adaptive, sigma 1, limit 1800 s, validate every 100)
2026-10-01 01:19:00 end   stage3_shmup3_adaptive_r1: completed, exit 0, wall 1804.0 s, stop time_limit, iterations 91113
2026-10-01 01:19:00 start stage3_shmup3_fixed_r1 (shmup3, fixed, sigma 1, limit 1800 s, validate every 100)
2026-10-01 01:49:09 end   stage3_shmup3_fixed_r1: completed, exit 0, wall 1804.1 s, stop time_limit, iterations 90624
2026-10-01 01:49:09 start stage3_trto5_fixed_r1 (trto5, fixed, sigma 1, limit 1800 s, validate every 500)
2026-10-01 02:19:24 end   stage3_trto5_fixed_r1: completed, exit 0, wall 1806.7 s, stop time_limit, iterations 74001
2026-10-01 02:19:24 start stage3_trto5_adaptive_r1 (trto5, adaptive, sigma 1, limit 1800 s, validate every 500)
2026-10-01 02:49:38 end   stage3_trto5_adaptive_r1: completed, exit 0, wall 1806.1 s, stop time_limit, iterations 72958
2026-10-01 02:49:38 start stage3_buck5_fixed_r1 (buck5, fixed, sigma 1, limit 1800 s, validate every 200)
2026-10-01 03:20:03 end   stage3_buck5_fixed_r1: completed, exit 0, wall 1810.1 s, stop time_limit, iterations 37569
2026-10-01 03:20:03 start stage3_buck5_adaptive_r1 (buck5, adaptive, sigma 1, limit 1800 s, validate every 200)
2026-10-01 03:50:28 end   stage3_buck5_adaptive_r1: completed, exit 0, wall 1809.7 s, stop time_limit, iterations 37497
2026-10-01 03:50:28 start stage3_vibra5_adaptive_r1 (vibra5, adaptive, sigma 1, limit 1800 s, validate every 200)
2026-10-01 04:20:54 end   stage3_vibra5_adaptive_r1: completed, exit 0, wall 1810.4 s, stop time_limit, iterations 38091
2026-10-01 04:20:54 start stage3_vibra5_fixed_r1 (vibra5, fixed, sigma 1, limit 1800 s, validate every 200)
2026-10-01 04:51:19 end   stage3_vibra5_fixed_r1: completed, exit 0, wall 1809.9 s, stop time_limit, iterations 38250
2026-10-01 04:51:19 plan plans/stage3_part2.json finished
