2026-09-30 14:28:47 plan plans/stage1.json: 52 runs; exe /n/home00/yukuanwei/cuadmm-builds/plato_official/cuadmm_exe; host holygpu8a12501.rc.fas.harvard.edu; GPU 0, NVIDIA H200, GPU-5c391794-9c6f-4fa7-f4bb-58fa85595795, 0 MiB, 143771 MiB, 28, 345 MHz
2026-09-30 14:28:47 start stage1_trto1_adaptive_r1 (trto1, adaptive, sigma 1, limit 120 s, validate every 100)
2026-09-30 14:30:52 end   stage1_trto1_adaptive_r1: completed, exit 0, wall 122.9 s, stop time_limit, iterations 328724
2026-09-30 14:30:52 start stage1_trto1_fixed_r1 (trto1, fixed, sigma 1, limit 120 s, validate every 100)
2026-09-30 14:31:17 end   stage1_trto1_fixed_r1: completed, exit 0, wall 24.9 s, stop strict_validated, iterations 60200
2026-09-30 14:31:17 start stage1_buck1_fixed_r1 (buck1, fixed, sigma 1, limit 120 s, validate every 100)
2026-09-30 14:32:29 end   stage1_buck1_fixed_r1: completed, exit 0, wall 70.4 s, stop strict_validated, iterations 119900
2026-09-30 14:32:29 start stage1_buck1_adaptive_r1 (buck1, adaptive, sigma 1, limit 120 s, validate every 100)
2026-09-30 14:34:33 end   stage1_buck1_adaptive_r1: completed, exit 0, wall 122.3 s, stop time_limit, iterations 230306
2026-09-30 14:34:33 start stage1_vibra1_adaptive_r1 (vibra1, adaptive, sigma 1, limit 120 s, validate every 100)
2026-09-30 14:35:14 end   stage1_vibra1_adaptive_r1: completed, exit 0, wall 41.1 s, stop strict_validated, iterations 68700
2026-09-30 14:35:14 start stage1_vibra1_fixed_r1 (vibra1, fixed, sigma 1, limit 120 s, validate every 100)
2026-09-30 14:37:18 end   stage1_vibra1_fixed_r1: completed, exit 0, wall 122.2 s, stop time_limit, iterations 210060
2026-09-30 14:37:18 start stage1_mater-1_fixed_r1 (mater-1, fixed, sigma 1, limit 120 s, validate every 100)
2026-09-30 14:39:23 end   stage1_mater-1_fixed_r1: completed, exit 0, wall 123.2 s, stop time_limit, iterations 388158
2026-09-30 14:39:23 start stage1_mater-1_adaptive_r1 (mater-1, adaptive, sigma 1, limit 120 s, validate every 100)
2026-09-30 14:39:57 end   stage1_mater-1_adaptive_r1: completed, exit 0, wall 33.9 s, stop strict_validated, iterations 99900
2026-09-30 14:39:57 start stage1_shmup1_adaptive_r1 (shmup1, adaptive, sigma 1, limit 120 s, validate every 100)
2026-09-30 14:42:00 end   stage1_shmup1_adaptive_r1: completed, exit 0, wall 121.8 s, stop time_limit, iterations 121742
2026-09-30 14:42:00 start stage1_shmup1_fixed_r1 (shmup1, fixed, sigma 1, limit 120 s, validate every 100)
2026-09-30 14:44:03 end   stage1_shmup1_fixed_r1: completed, exit 0, wall 122.0 s, stop time_limit, iterations 121153
2026-09-30 14:44:03 start stage1_trto2_fixed_r1 (trto2, fixed, sigma 1, limit 120 s, validate every 100)
2026-09-30 14:46:05 end   stage1_trto2_fixed_r1: completed, exit 0, wall 121.8 s, stop time_limit, iterations 81319
2026-09-30 14:46:06 start stage1_trto2_adaptive_r1 (trto2, adaptive, sigma 1, limit 120 s, validate every 100)
2026-09-30 14:48:08 end   stage1_trto2_adaptive_r1: completed, exit 0, wall 121.7 s, stop time_limit, iterations 81071
2026-09-30 14:48:08 start stage1_mater-2_adaptive_r1 (mater-2, adaptive, sigma 1, limit 120 s, validate every 100)
2026-09-30 14:48:26 end   stage1_mater-2_adaptive_r1: completed, exit 0, wall 18.1 s, stop strict_validated, iterations 48400
2026-09-30 14:48:26 start stage1_mater-2_fixed_r1 (mater-2, fixed, sigma 1, limit 120 s, validate every 100)
2026-09-30 14:50:31 end   stage1_mater-2_fixed_r1: completed, exit 0, wall 122.7 s, stop time_limit, iterations 353837
2026-09-30 14:50:31 start stage1_buck2_fixed_r1 (buck2, fixed, sigma 1, limit 120 s, validate every 100)
2026-09-30 14:52:34 end   stage1_buck2_fixed_r1: completed, exit 0, wall 121.9 s, stop time_limit, iterations 61005
2026-09-30 14:52:34 start stage1_buck2_adaptive_r1 (buck2, adaptive, sigma 1, limit 120 s, validate every 100)
2026-09-30 14:54:36 end   stage1_buck2_adaptive_r1: completed, exit 0, wall 121.6 s, stop time_limit, iterations 59765
2026-09-30 14:54:36 start stage1_vibra2_adaptive_r1 (vibra2, adaptive, sigma 1, limit 120 s, validate every 100)
2026-09-30 14:56:38 end   stage1_vibra2_adaptive_r1: completed, exit 0, wall 121.7 s, stop time_limit, iterations 59862
2026-09-30 14:56:38 start stage1_vibra2_fixed_r1 (vibra2, fixed, sigma 1, limit 120 s, validate every 100)
2026-09-30 14:58:41 end   stage1_vibra2_fixed_r1: completed, exit 0, wall 121.6 s, stop time_limit, iterations 61149
2026-09-30 14:58:41 start stage1_mater-3_fixed_r1 (mater-3, fixed, sigma 1, limit 120 s, validate every 100)
2026-09-30 15:00:45 end   stage1_mater-3_fixed_r1: completed, exit 0, wall 122.8 s, stop time_limit, iterations 270599
2026-09-30 15:00:45 start stage1_mater-3_adaptive_r1 (mater-3, adaptive, sigma 1, limit 120 s, validate every 100)
2026-09-30 15:02:31 end   stage1_mater-3_adaptive_r1: completed, exit 0, wall 104.8 s, stop strict_validated, iterations 230900
2026-09-30 15:02:31 start stage1_trto3_adaptive_r1 (trto3, adaptive, sigma 1, limit 120 s, validate every 100)
2026-09-30 15:04:33 end   stage1_trto3_adaptive_r1: completed, exit 0, wall 121.8 s, stop time_limit, iterations 36438
2026-09-30 15:04:34 start stage1_trto3_fixed_r1 (trto3, fixed, sigma 1, limit 120 s, validate every 100)
2026-09-30 15:06:36 end   stage1_trto3_fixed_r1: completed, exit 0, wall 121.6 s, stop time_limit, iterations 36328
2026-09-30 15:06:36 start stage1_mater-4_fixed_r1 (mater-4, fixed, sigma 1, limit 120 s, validate every 100)
2026-09-30 15:08:39 end   stage1_mater-4_fixed_r1: completed, exit 0, wall 122.4 s, stop time_limit, iterations 136693
2026-09-30 15:08:39 start stage1_mater-4_adaptive_r1 (mater-4, adaptive, sigma 1, limit 120 s, validate every 100)
2026-09-30 15:10:43 end   stage1_mater-4_adaptive_r1: completed, exit 0, wall 122.5 s, stop time_limit, iterations 140701
2026-09-30 15:10:43 start stage1_buck3_adaptive_r1 (buck3, adaptive, sigma 1, limit 120 s, validate every 200)
2026-09-30 15:12:46 end   stage1_buck3_adaptive_r1: completed, exit 0, wall 122.0 s, stop time_limit, iterations 25501
2026-09-30 15:12:46 start stage1_buck3_fixed_r1 (buck3, fixed, sigma 1, limit 120 s, validate every 200)
2026-09-30 15:14:48 end   stage1_buck3_fixed_r1: completed, exit 0, wall 121.7 s, stop time_limit, iterations 25551
2026-09-30 15:14:48 start stage1_vibra3_fixed_r1 (vibra3, fixed, sigma 1, limit 120 s, validate every 200)
2026-09-30 15:16:51 end   stage1_vibra3_fixed_r1: completed, exit 0, wall 121.8 s, stop time_limit, iterations 25491
2026-09-30 15:16:51 start stage1_vibra3_adaptive_r1 (vibra3, adaptive, sigma 1, limit 120 s, validate every 200)
2026-09-30 15:18:53 end   stage1_vibra3_adaptive_r1: completed, exit 0, wall 121.8 s, stop time_limit, iterations 25505
2026-09-30 15:18:54 start stage1_mater-5_adaptive_r1 (mater-5, adaptive, sigma 1, limit 120 s, validate every 200)
2026-09-30 15:20:57 end   stage1_mater-5_adaptive_r1: completed, exit 0, wall 122.6 s, stop time_limit, iterations 85360
2026-09-30 15:20:57 start stage1_mater-5_fixed_r1 (mater-5, fixed, sigma 1, limit 120 s, validate every 200)
2026-09-30 15:23:01 end   stage1_mater-5_fixed_r1: completed, exit 0, wall 122.6 s, stop time_limit, iterations 84449
2026-09-30 15:23:01 start stage1_shmup2_fixed_r1 (shmup2, fixed, sigma 1, limit 120 s, validate every 200)
2026-09-30 15:25:05 end   stage1_shmup2_fixed_r1: completed, exit 0, wall 122.3 s, stop time_limit, iterations 17495
2026-09-30 15:25:05 start stage1_shmup2_adaptive_r1 (shmup2, adaptive, sigma 1, limit 120 s, validate every 200)
2026-09-30 15:27:08 end   stage1_shmup2_adaptive_r1: completed, exit 0, wall 122.2 s, stop time_limit, iterations 17544
2026-09-30 15:27:08 start stage1_trto4_adaptive_r1 (trto4, adaptive, sigma 1, limit 120 s, validate every 200)
2026-09-30 15:29:12 end   stage1_trto4_adaptive_r1: completed, exit 0, wall 122.3 s, stop time_limit, iterations 15924
2026-09-30 15:29:12 start stage1_trto4_fixed_r1 (trto4, fixed, sigma 1, limit 120 s, validate every 200)
2026-09-30 15:31:16 end   stage1_trto4_fixed_r1: completed, exit 0, wall 122.3 s, stop time_limit, iterations 15951
2026-09-30 15:31:16 start stage1_mater-6_fixed_r1 (mater-6, fixed, sigma 1, limit 120 s, validate every 200)
2026-09-30 15:33:21 end   stage1_mater-6_fixed_r1: completed, exit 0, wall 123.6 s, stop time_limit, iterations 44601
2026-09-30 15:33:21 start stage1_mater-6_adaptive_r1 (mater-6, adaptive, sigma 1, limit 120 s, validate every 200)
2026-09-30 15:35:26 end   stage1_mater-6_adaptive_r1: completed, exit 0, wall 123.1 s, stop time_limit, iterations 44664
2026-09-30 15:35:26 start stage1_buck4_adaptive_r1 (buck4, adaptive, sigma 1, limit 120 s, validate every 200)
2026-09-30 15:37:32 end   stage1_buck4_adaptive_r1: completed, exit 0, wall 122.8 s, stop time_limit, iterations 8588
2026-09-30 15:37:32 start stage1_buck4_fixed_r1 (buck4, fixed, sigma 1, limit 120 s, validate every 200)
2026-09-30 15:39:37 end   stage1_buck4_fixed_r1: completed, exit 0, wall 122.8 s, stop time_limit, iterations 8555
2026-09-30 15:39:37 start stage1_vibra4_fixed_r1 (vibra4, fixed, sigma 1, limit 120 s, validate every 200)
2026-09-30 15:41:43 end   stage1_vibra4_fixed_r1: completed, exit 0, wall 123.0 s, stop time_limit, iterations 8622
2026-09-30 15:41:43 start stage1_vibra4_adaptive_r1 (vibra4, adaptive, sigma 1, limit 120 s, validate every 200)
2026-09-30 15:43:48 end   stage1_vibra4_adaptive_r1: completed, exit 0, wall 122.8 s, stop time_limit, iterations 8610
2026-09-30 15:43:48 start stage1_shmup3_adaptive_r1 (shmup3, adaptive, sigma 1, limit 120 s, validate every 200)
2026-09-30 15:45:56 end   stage1_shmup3_adaptive_r1: completed, exit 0, wall 123.9 s, stop time_limit, iterations 6266
2026-09-30 15:45:56 start stage1_shmup3_fixed_r1 (shmup3, fixed, sigma 1, limit 120 s, validate every 200)
2026-09-30 15:48:04 end   stage1_shmup3_fixed_r1: completed, exit 0, wall 123.8 s, stop time_limit, iterations 6254
2026-09-30 15:48:04 start stage1_trto5_fixed_r1 (trto5, fixed, sigma 1, limit 120 s, validate every 500)
2026-09-30 15:50:18 end   stage1_trto5_fixed_r1: completed, exit 0, wall 125.9 s, stop time_limit, iterations 4894
2026-09-30 15:50:18 start stage1_trto5_adaptive_r1 (trto5, adaptive, sigma 1, limit 120 s, validate every 500)
2026-09-30 15:52:32 end   stage1_trto5_adaptive_r1: completed, exit 0, wall 126.0 s, stop time_limit, iterations 4923
2026-09-30 15:52:32 start stage1_shmup4_adaptive_r1 (shmup4, adaptive, sigma 1, limit 120 s, validate every 500)
2026-09-30 15:54:54 end   stage1_shmup4_adaptive_r1: completed, exit 0, wall 129.2 s, stop time_limit, iterations 9426
2026-09-30 15:54:55 start stage1_shmup4_fixed_r1 (shmup4, fixed, sigma 1, limit 120 s, validate every 500)
2026-09-30 15:57:18 end   stage1_shmup4_fixed_r1: completed, exit 0, wall 129.2 s, stop time_limit, iterations 11302
2026-09-30 15:57:18 start stage1_buck5_fixed_r1 (buck5, fixed, sigma 1, limit 120 s, validate every 500)
2026-09-30 15:59:43 end   stage1_buck5_fixed_r1: completed, exit 0, wall 130.1 s, stop time_limit, iterations 2614
2026-09-30 15:59:43 start stage1_buck5_adaptive_r1 (buck5, adaptive, sigma 1, limit 120 s, validate every 500)
2026-09-30 16:02:08 end   stage1_buck5_adaptive_r1: completed, exit 0, wall 129.9 s, stop time_limit, iterations 2604
2026-09-30 16:02:08 start stage1_vibra5_adaptive_r1 (vibra5, adaptive, sigma 1, limit 120 s, validate every 500)
2026-09-30 16:04:34 end   stage1_vibra5_adaptive_r1: completed, exit 0, wall 130.0 s, stop time_limit, iterations 2624
2026-09-30 16:04:34 start stage1_vibra5_fixed_r1 (vibra5, fixed, sigma 1, limit 120 s, validate every 500)
2026-09-30 16:06:59 end   stage1_vibra5_fixed_r1: completed, exit 0, wall 129.9 s, stop time_limit, iterations 2640
2026-09-30 16:06:59 start stage1_shmup5_fixed_r1 (shmup5, fixed, sigma 1, limit 120 s, validate every 500)
2026-09-30 16:10:43 end   stage1_shmup5_fixed_r1: completed, exit 0, wall 158.4 s, stop time_limit, iterations 5179
2026-09-30 16:10:43 start stage1_shmup5_adaptive_r1 (shmup5, adaptive, sigma 1, limit 120 s, validate every 500)
2026-09-30 16:14:31 end   stage1_shmup5_adaptive_r1: completed, exit 0, wall 160.9 s, stop time_limit, iterations 4001
2026-09-30 16:14:31 plan plans/stage1.json finished
